Copyright 1986-2022 Xilinx, Inc. All Rights Reserved. Copyright 2022-2025 Advanced Micro Devices, Inc. All Rights Reserved.
---------------------------------------------------------------------------------------------------------------------------------------------------------------------------------------------------------------------------------------------------------------------
| Tool Version : Vivado v.2025.1 (win64) Build 6140274 Thu May 22 00:12:29 MDT 2025
| Date         : Wed Nov 12 21:06:40 2025
| Host         : Julians_LG_Gram running 64-bit major release  (build 9200)
| Command      : report_timing_summary -max_paths 10 -routable_nets -report_unconstrained -file VGA_Ansteuerung_CLK_timing_summary_routed.rpt -pb VGA_Ansteuerung_CLK_timing_summary_routed.pb -rpx VGA_Ansteuerung_CLK_timing_summary_routed.rpx -warn_on_violation
| Design       : VGA_Ansteuerung_CLK
| Device       : 7s25-csga324
| Speed File   : -1  PRODUCTION 1.23 2018-06-13
| Design State : Routed
---------------------------------------------------------------------------------------------------------------------------------------------------------------------------------------------------------------------------------------------------------------------

Timing Summary Report

------------------------------------------------------------------------------------------------
| Timer Settings
| --------------
------------------------------------------------------------------------------------------------

  Enable Multi Corner Analysis               :  Yes
  Enable Pessimism Removal                   :  Yes
  Pessimism Removal Resolution               :  Nearest Common Node
  Enable Input Delay Default Clock           :  No
  Enable Preset / Clear Arcs                 :  No
  Disable Flight Delays                      :  No
  Ignore I/O Paths                           :  No
  Timing Early Launch at Borrowing Latches   :  No
  Borrow Time for Max Delay Exceptions       :  Yes
  Merge Timing Exceptions                    :  Yes
  Inter-SLR Compensation                     :  Conservative

  Corner  Analyze    Analyze    
  Name    Max Paths  Min Paths  
  ------  ---------  ---------  
  Slow    Yes        Yes        
  Fast    Yes        Yes        


------------------------------------------------------------------------------------------------
| Report Methodology
| ------------------
------------------------------------------------------------------------------------------------

Rule       Severity          Description                  Violations  
---------  ----------------  ---------------------------  ----------  
TIMING-17  Critical Warning  Non-clocked sequential cell  108         

Note: This report is based on the most recent report_methodology run and may not be up-to-date. Run report_methodology on the current design for the latest report.



check_timing report

Table of Contents
-----------------
1. checking no_clock (108)
2. checking constant_clock (0)
3. checking pulse_width_clock (0)
4. checking unconstrained_internal_endpoints (275)
5. checking no_input_delay (3)
6. checking no_output_delay (14)
7. checking multiple_clock (0)
8. checking generated_clocks (0)
9. checking loops (0)
10. checking partial_input_delay (0)
11. checking partial_output_delay (0)
12. checking latch_loops (0)

1. checking no_clock (108)
--------------------------
 There are 107 register/latch pins with no clock driven by root clock pin: clk25_reg/Q (HIGH)

 There is 1 register/latch pin with no clock driven by root clock pin: clk50_reg/Q (HIGH)


2. checking constant_clock (0)
------------------------------
 There are 0 register/latch pins with constant_clock.


3. checking pulse_width_clock (0)
---------------------------------
 There are 0 register/latch pins which need pulse_width check


4. checking unconstrained_internal_endpoints (275)
--------------------------------------------------
 There are 275 pins that are not constrained for maximum delay. (HIGH)

 There are 0 pins that are not constrained for maximum delay due to constant clock.


5. checking no_input_delay (3)
------------------------------
 There are 3 input ports with no input delay specified. (HIGH)

 There are 0 input ports with no input delay but user has a false path constraint.


6. checking no_output_delay (14)
--------------------------------
 There are 14 ports with no output delay specified. (HIGH)

 There are 0 ports with no output delay but user has a false path constraint

 There are 0 ports with no output delay but with a timing clock defined on it or propagating through it


7. checking multiple_clock (0)
------------------------------
 There are 0 register/latch pins with multiple clocks.


8. checking generated_clocks (0)
--------------------------------
 There are 0 generated clocks that are not connected to a clock source.


9. checking loops (0)
---------------------
 There are 0 combinational loops in the design.


10. checking partial_input_delay (0)
------------------------------------
 There are 0 input ports with partial input delay specified.


11. checking partial_output_delay (0)
-------------------------------------
 There are 0 ports with partial output delay specified.


12. checking latch_loops (0)
----------------------------
 There are 0 combinational latch loops in the design through latch input



------------------------------------------------------------------------------------------------
| Design Timing Summary
| ---------------------
------------------------------------------------------------------------------------------------

    WNS(ns)      TNS(ns)  TNS Failing Endpoints  TNS Total Endpoints      WHS(ns)      THS(ns)  THS Failing Endpoints  THS Total Endpoints     WPWS(ns)     TPWS(ns)  TPWS Failing Endpoints  TPWS Total Endpoints  
    -------      -------  ---------------------  -------------------      -------      -------  ---------------------  -------------------     --------     --------  ----------------------  --------------------  
      8.405        0.000                      0                    1        0.451        0.000                      0                    1        4.500        0.000                       0                     2  


All user specified timing constraints are met.


------------------------------------------------------------------------------------------------
| Clock Summary
| -------------
------------------------------------------------------------------------------------------------

Clock        Waveform(ns)       Period(ns)      Frequency(MHz)
-----        ------------       ----------      --------------
sys_clk_pin  {0.000 5.000}      10.000          100.000         


------------------------------------------------------------------------------------------------
| Intra Clock Table
| -----------------
------------------------------------------------------------------------------------------------

Clock             WNS(ns)      TNS(ns)  TNS Failing Endpoints  TNS Total Endpoints      WHS(ns)      THS(ns)  THS Failing Endpoints  THS Total Endpoints     WPWS(ns)     TPWS(ns)  TPWS Failing Endpoints  TPWS Total Endpoints  
-----             -------      -------  ---------------------  -------------------      -------      -------  ---------------------  -------------------     --------     --------  ----------------------  --------------------  
sys_clk_pin         8.405        0.000                      0                    1        0.451        0.000                      0                    1        4.500        0.000                       0                     2  


------------------------------------------------------------------------------------------------
| Inter Clock Table
| -----------------
------------------------------------------------------------------------------------------------

From Clock    To Clock          WNS(ns)      TNS(ns)  TNS Failing Endpoints  TNS Total Endpoints      WHS(ns)      THS(ns)  THS Failing Endpoints  THS Total Endpoints  
----------    --------          -------      -------  ---------------------  -------------------      -------      -------  ---------------------  -------------------  


------------------------------------------------------------------------------------------------
| Other Path Groups Table
| -----------------------
------------------------------------------------------------------------------------------------

Path Group    From Clock    To Clock          WNS(ns)      TNS(ns)  TNS Failing Endpoints  TNS Total Endpoints      WHS(ns)      THS(ns)  THS Failing Endpoints  THS Total Endpoints  
----------    ----------    --------          -------      -------  ---------------------  -------------------      -------      -------  ---------------------  -------------------  


------------------------------------------------------------------------------------------------
| User Ignored Path Table
| -----------------------
------------------------------------------------------------------------------------------------

Path Group    From Clock    To Clock    
----------    ----------    --------    


------------------------------------------------------------------------------------------------
| Unconstrained Path Table
| ------------------------
------------------------------------------------------------------------------------------------

Path Group    From Clock    To Clock    
----------    ----------    --------    
(none)                                    


------------------------------------------------------------------------------------------------
| Timing Details
| --------------
------------------------------------------------------------------------------------------------


---------------------------------------------------------------------------------------------------
From Clock:  sys_clk_pin
  To Clock:  sys_clk_pin

Setup :            0  Failing Endpoints,  Worst Slack        8.405ns,  Total Violation        0.000ns
Hold  :            0  Failing Endpoints,  Worst Slack        0.451ns,  Total Violation        0.000ns
PW    :            0  Failing Endpoints,  Worst Slack        4.500ns,  Total Violation        0.000ns
---------------------------------------------------------------------------------------------------


Max Delay Paths
--------------------------------------------------------------------------------------
Slack (MET) :             8.405ns  (required time - arrival time)
  Source:                 clk50_reg/C
                            (rising edge-triggered cell FDRE clocked by sys_clk_pin  {rise@0.000ns fall@5.000ns period=10.000ns})
  Destination:            clk50_reg/D
                            (rising edge-triggered cell FDRE clocked by sys_clk_pin  {rise@0.000ns fall@5.000ns period=10.000ns})
  Path Group:             sys_clk_pin
  Path Type:              Setup (Max at Slow Process Corner)
  Requirement:            10.000ns  (sys_clk_pin rise@10.000ns - sys_clk_pin rise@0.000ns)
  Data Path Delay:        1.589ns  (logic 0.580ns (36.502%)  route 1.009ns (63.498%))
  Logic Levels:           1  (LUT1=1)
  Clock Path Skew:        0.000ns (DCD - SCD + CPR)
    Destination Clock Delay (DCD):    4.233ns = ( 14.233 - 10.000 ) 
    Source Clock Delay      (SCD):    4.500ns
    Clock Pessimism Removal (CPR):    0.267ns
  Clock Uncertainty:      0.035ns  ((TSJ^2 + TIJ^2)^1/2 + DJ) / 2 + PE
    Total System Jitter     (TSJ):    0.071ns
    Total Input Jitter      (TIJ):    0.000ns
    Discrete Jitter          (DJ):    0.000ns
    Phase Error              (PE):    0.000ns

    Location             Delay type                Incr(ns)  Path(ns)    Netlist Resource(s)
  -------------------------------------------------------------------    -------------------
                         (clock sys_clk_pin rise edge)
                                                      0.000     0.000 r  
    R2                                                0.000     0.000 r  CLK_100MHz (IN)
                         net (fo=0)                   0.000     0.000    CLK_100MHz
    R2                   IBUF (Prop_ibuf_I_O)         0.880     0.880 r  CLK_100MHz_IBUF_inst/O
                         net (fo=1, routed)           1.962     2.841    CLK_100MHz_IBUF
    BUFGCTRL_X0Y1        BUFG (Prop_bufg_I_O)         0.096     2.937 r  CLK_100MHz_IBUF_BUFG_inst/O
                         net (fo=1, routed)           1.562     4.500    CLK_100MHz_IBUF_BUFG
    SLICE_X17Y46         FDRE                                         r  clk50_reg/C
  -------------------------------------------------------------------    -------------------
    SLICE_X17Y46         FDRE (Prop_fdre_C_Q)         0.456     4.956 f  clk50_reg/Q
                         net (fo=2, routed)           1.009     5.965    clk50
    SLICE_X17Y46         LUT1 (Prop_lut1_I0_O)        0.124     6.089 r  clk50_i_1/O
                         net (fo=1, routed)           0.000     6.089    clk50_i_1_n_0
    SLICE_X17Y46         FDRE                                         r  clk50_reg/D
  -------------------------------------------------------------------    -------------------

                         (clock sys_clk_pin rise edge)
                                                     10.000    10.000 r  
    R2                                                0.000    10.000 r  CLK_100MHz (IN)
                         net (fo=0)                   0.000    10.000    CLK_100MHz
    R2                   IBUF (Prop_ibuf_I_O)         0.839    10.839 r  CLK_100MHz_IBUF_inst/O
                         net (fo=1, routed)           1.859    12.698    CLK_100MHz_IBUF
    BUFGCTRL_X0Y1        BUFG (Prop_bufg_I_O)         0.091    12.789 r  CLK_100MHz_IBUF_BUFG_inst/O
                         net (fo=1, routed)           1.443    14.233    CLK_100MHz_IBUF_BUFG
    SLICE_X17Y46         FDRE                                         r  clk50_reg/C
                         clock pessimism              0.267    14.500    
                         clock uncertainty           -0.035    14.464    
    SLICE_X17Y46         FDRE (Setup_fdre_C_D)        0.029    14.493    clk50_reg
  -------------------------------------------------------------------
                         required time                         14.493    
                         arrival time                          -6.089    
  -------------------------------------------------------------------
                         slack                                  8.405    





Min Delay Paths
--------------------------------------------------------------------------------------
Slack (MET) :             0.451ns  (arrival time - required time)
  Source:                 clk50_reg/C
                            (rising edge-triggered cell FDRE clocked by sys_clk_pin  {rise@0.000ns fall@5.000ns period=10.000ns})
  Destination:            clk50_reg/D
                            (rising edge-triggered cell FDRE clocked by sys_clk_pin  {rise@0.000ns fall@5.000ns period=10.000ns})
  Path Group:             sys_clk_pin
  Path Type:              Hold (Min at Fast Process Corner)
  Requirement:            0.000ns  (sys_clk_pin rise@0.000ns - sys_clk_pin rise@0.000ns)
  Data Path Delay:        0.542ns  (logic 0.186ns (34.320%)  route 0.356ns (65.680%))
  Logic Levels:           1  (LUT1=1)
  Clock Path Skew:        0.000ns (DCD - SCD - CPR)
    Destination Clock Delay (DCD):    1.918ns
    Source Clock Delay      (SCD):    1.560ns
    Clock Pessimism Removal (CPR):    0.357ns

    Location             Delay type                Incr(ns)  Path(ns)    Netlist Resource(s)
  -------------------------------------------------------------------    -------------------
                         (clock sys_clk_pin rise edge)
                                                      0.000     0.000 r  
    R2                                                0.000     0.000 r  CLK_100MHz (IN)
                         net (fo=0)                   0.000     0.000    CLK_100MHz
    R2                   IBUF (Prop_ibuf_I_O)         0.345     0.345 r  CLK_100MHz_IBUF_inst/O
                         net (fo=1, routed)           0.630     0.975    CLK_100MHz_IBUF
    BUFGCTRL_X0Y1        BUFG (Prop_bufg_I_O)         0.026     1.001 r  CLK_100MHz_IBUF_BUFG_inst/O
                         net (fo=1, routed)           0.560     1.560    CLK_100MHz_IBUF_BUFG
    SLICE_X17Y46         FDRE                                         r  clk50_reg/C
  -------------------------------------------------------------------    -------------------
    SLICE_X17Y46         FDRE (Prop_fdre_C_Q)         0.141     1.701 f  clk50_reg/Q
                         net (fo=2, routed)           0.356     2.057    clk50
    SLICE_X17Y46         LUT1 (Prop_lut1_I0_O)        0.045     2.102 r  clk50_i_1/O
                         net (fo=1, routed)           0.000     2.102    clk50_i_1_n_0
    SLICE_X17Y46         FDRE                                         r  clk50_reg/D
  -------------------------------------------------------------------    -------------------

                         (clock sys_clk_pin rise edge)
                                                      0.000     0.000 r  
    R2                                                0.000     0.000 r  CLK_100MHz (IN)
                         net (fo=0)                   0.000     0.000    CLK_100MHz
    R2                   IBUF (Prop_ibuf_I_O)         0.375     0.375 r  CLK_100MHz_IBUF_inst/O
                         net (fo=1, routed)           0.683     1.058    CLK_100MHz_IBUF
    BUFGCTRL_X0Y1        BUFG (Prop_bufg_I_O)         0.029     1.087 r  CLK_100MHz_IBUF_BUFG_inst/O
                         net (fo=1, routed)           0.831     1.918    CLK_100MHz_IBUF_BUFG
    SLICE_X17Y46         FDRE                                         r  clk50_reg/C
                         clock pessimism             -0.357     1.560    
    SLICE_X17Y46         FDRE (Hold_fdre_C_D)         0.091     1.651    clk50_reg
  -------------------------------------------------------------------
                         required time                         -1.651    
                         arrival time                           2.102    
  -------------------------------------------------------------------
                         slack                                  0.451    





Pulse Width Checks
--------------------------------------------------------------------------------------
Clock Name:         sys_clk_pin
Waveform(ns):       { 0.000 5.000 }
Period(ns):         10.000
Sources:            { CLK_100MHz }

Check Type        Corner  Lib Pin  Reference Pin  Required(ns)  Actual(ns)  Slack(ns)  Location       Pin
Min Period        n/a     BUFG/I   n/a            2.155         10.000      7.845      BUFGCTRL_X0Y1  CLK_100MHz_IBUF_BUFG_inst/I
Min Period        n/a     FDRE/C   n/a            1.000         10.000      9.000      SLICE_X17Y46   clk50_reg/C
Low Pulse Width   Slow    FDRE/C   n/a            0.500         5.000       4.500      SLICE_X17Y46   clk50_reg/C
Low Pulse Width   Fast    FDRE/C   n/a            0.500         5.000       4.500      SLICE_X17Y46   clk50_reg/C
High Pulse Width  Slow    FDRE/C   n/a            0.500         5.000       4.500      SLICE_X17Y46   clk50_reg/C
High Pulse Width  Fast    FDRE/C   n/a            0.500         5.000       4.500      SLICE_X17Y46   clk50_reg/C



--------------------------------------------------------------------------------------
Path Group:  (none)
From Clock:  
  To Clock:  

Max Delay           289 Endpoints
Min Delay           289 Endpoints
--------------------------------------------------------------------------------------


Max Delay Paths
--------------------------------------------------------------------------------------
Slack:                    inf
  Source:                 RST
                            (input port)
  Destination:            x_offset_reg[0]/CLR
  Path Group:             (none)
  Path Type:              Max at Slow Process Corner
  Data Path Delay:        6.813ns  (logic 1.449ns (21.268%)  route 5.364ns (78.732%))
  Logic Levels:           1  (IBUF=1)

    Location             Delay type                Incr(ns)  Path(ns)    Netlist Resource(s)
  -------------------------------------------------------------------    -------------------
    H14                                               0.000     0.000 f  RST (IN)
                         net (fo=0)                   0.000     0.000    RST
    H14                  IBUF (Prop_ibuf_I_O)         1.449     1.449 f  RST_IBUF_inst/O
                         net (fo=107, routed)         5.364     6.813    RST_IBUF
    SLICE_X16Y21         FDCE                                         f  x_offset_reg[0]/CLR
  -------------------------------------------------------------------    -------------------

Slack:                    inf
  Source:                 RST
                            (input port)
  Destination:            x_offset_reg[1]/CLR
  Path Group:             (none)
  Path Type:              Max at Slow Process Corner
  Data Path Delay:        6.813ns  (logic 1.449ns (21.268%)  route 5.364ns (78.732%))
  Logic Levels:           1  (IBUF=1)

    Location             Delay type                Incr(ns)  Path(ns)    Netlist Resource(s)
  -------------------------------------------------------------------    -------------------
    H14                                               0.000     0.000 f  RST (IN)
                         net (fo=0)                   0.000     0.000    RST
    H14                  IBUF (Prop_ibuf_I_O)         1.449     1.449 f  RST_IBUF_inst/O
                         net (fo=107, routed)         5.364     6.813    RST_IBUF
    SLICE_X16Y21         FDCE                                         f  x_offset_reg[1]/CLR
  -------------------------------------------------------------------    -------------------

Slack:                    inf
  Source:                 RST
                            (input port)
  Destination:            x_offset_reg[2]/CLR
  Path Group:             (none)
  Path Type:              Max at Slow Process Corner
  Data Path Delay:        6.809ns  (logic 1.449ns (21.281%)  route 5.360ns (78.719%))
  Logic Levels:           1  (IBUF=1)

    Location             Delay type                Incr(ns)  Path(ns)    Netlist Resource(s)
  -------------------------------------------------------------------    -------------------
    H14                                               0.000     0.000 f  RST (IN)
                         net (fo=0)                   0.000     0.000    RST
    H14                  IBUF (Prop_ibuf_I_O)         1.449     1.449 f  RST_IBUF_inst/O
                         net (fo=107, routed)         5.360     6.809    RST_IBUF
    SLICE_X17Y21         FDCE                                         f  x_offset_reg[2]/CLR
  -------------------------------------------------------------------    -------------------

Slack:                    inf
  Source:                 RST
                            (input port)
  Destination:            x_offset_reg[5]/CLR
  Path Group:             (none)
  Path Type:              Max at Slow Process Corner
  Data Path Delay:        6.809ns  (logic 1.449ns (21.281%)  route 5.360ns (78.719%))
  Logic Levels:           1  (IBUF=1)

    Location             Delay type                Incr(ns)  Path(ns)    Netlist Resource(s)
  -------------------------------------------------------------------    -------------------
    H14                                               0.000     0.000 f  RST (IN)
                         net (fo=0)                   0.000     0.000    RST
    H14                  IBUF (Prop_ibuf_I_O)         1.449     1.449 f  RST_IBUF_inst/O
                         net (fo=107, routed)         5.360     6.809    RST_IBUF
    SLICE_X17Y21         FDCE                                         f  x_offset_reg[5]/CLR
  -------------------------------------------------------------------    -------------------

Slack:                    inf
  Source:                 x_offset_reg[1]/C
                            (rising edge-triggered cell FDCE)
  Destination:            RED_reg[0]_lopt_replica_11/D
  Path Group:             (none)
  Path Type:              Max at Slow Process Corner
  Data Path Delay:        6.691ns  (logic 1.720ns (25.705%)  route 4.971ns (74.295%))
  Logic Levels:           7  (CARRY4=3 FDCE=1 LUT5=1 LUT6=2)

    Location             Delay type                Incr(ns)  Path(ns)    Netlist Resource(s)
  -------------------------------------------------------------------    -------------------
    SLICE_X16Y21         FDCE                         0.000     0.000 r  x_offset_reg[1]/C
    SLICE_X16Y21         FDCE (Prop_fdce_C_Q)         0.419     0.419 r  x_offset_reg[1]/Q
                         net (fo=19, routed)          1.510     1.929    x_offset_reg_n_0_[1]
    SLICE_X12Y22         LUT6 (Prop_lut6_I2_O)        0.299     2.228 r  RED[0]_i_98/O
                         net (fo=4, routed)           0.693     2.921    RED[0]_i_98_n_0
    SLICE_X12Y22         LUT6 (Prop_lut6_I3_O)        0.124     3.045 r  RED[0]_i_62/O
                         net (fo=1, routed)           0.330     3.375    RED[0]_i_62_n_0
    SLICE_X13Y23         CARRY4 (Prop_carry4_DI[0]_CO[3])
                                                      0.526     3.901 r  RED_reg[0]_i_33/CO[3]
                         net (fo=1, routed)           0.000     3.901    RED_reg[0]_i_33_n_0
    SLICE_X13Y24         CARRY4 (Prop_carry4_CI_CO[3])
                                                      0.114     4.015 r  RED_reg[0]_i_6/CO[3]
                         net (fo=1, routed)           0.009     4.024    RED_reg[0]_i_6_n_0
    SLICE_X13Y25         CARRY4 (Prop_carry4_CI_CO[3])
                                                      0.114     4.138 r  RED_reg[0]_i_2/CO[3]
                         net (fo=1, routed)           0.885     5.023    RED2
    SLICE_X7Y25          LUT5 (Prop_lut5_I0_O)        0.124     5.147 r  RED[0]_i_1/O
                         net (fo=12, routed)          1.544     6.691    RED[0]_i_1_n_0
    SLICE_X0Y34          FDCE                                         r  RED_reg[0]_lopt_replica_11/D
  -------------------------------------------------------------------    -------------------

Slack:                    inf
  Source:                 RST
                            (input port)
  Destination:            x_offset_reg[3]/CLR
  Path Group:             (none)
  Path Type:              Max at Slow Process Corner
  Data Path Delay:        6.672ns  (logic 1.449ns (21.717%)  route 5.223ns (78.283%))
  Logic Levels:           1  (IBUF=1)

    Location             Delay type                Incr(ns)  Path(ns)    Netlist Resource(s)
  -------------------------------------------------------------------    -------------------
    H14                                               0.000     0.000 f  RST (IN)
                         net (fo=0)                   0.000     0.000    RST
    H14                  IBUF (Prop_ibuf_I_O)         1.449     1.449 f  RST_IBUF_inst/O
                         net (fo=107, routed)         5.223     6.672    RST_IBUF
    SLICE_X16Y22         FDCE                                         f  x_offset_reg[3]/CLR
  -------------------------------------------------------------------    -------------------

Slack:                    inf
  Source:                 RST
                            (input port)
  Destination:            x_offset_reg[4]/CLR
  Path Group:             (none)
  Path Type:              Max at Slow Process Corner
  Data Path Delay:        6.672ns  (logic 1.449ns (21.717%)  route 5.223ns (78.283%))
  Logic Levels:           1  (IBUF=1)

    Location             Delay type                Incr(ns)  Path(ns)    Netlist Resource(s)
  -------------------------------------------------------------------    -------------------
    H14                                               0.000     0.000 f  RST (IN)
                         net (fo=0)                   0.000     0.000    RST
    H14                  IBUF (Prop_ibuf_I_O)         1.449     1.449 f  RST_IBUF_inst/O
                         net (fo=107, routed)         5.223     6.672    RST_IBUF
    SLICE_X16Y22         FDCE                                         f  x_offset_reg[4]/CLR
  -------------------------------------------------------------------    -------------------

Slack:                    inf
  Source:                 RST
                            (input port)
  Destination:            x_offset_reg[6]/CLR
  Path Group:             (none)
  Path Type:              Max at Slow Process Corner
  Data Path Delay:        6.668ns  (logic 1.449ns (21.731%)  route 5.219ns (78.269%))
  Logic Levels:           1  (IBUF=1)

    Location             Delay type                Incr(ns)  Path(ns)    Netlist Resource(s)
  -------------------------------------------------------------------    -------------------
    H14                                               0.000     0.000 f  RST (IN)
                         net (fo=0)                   0.000     0.000    RST
    H14                  IBUF (Prop_ibuf_I_O)         1.449     1.449 f  RST_IBUF_inst/O
                         net (fo=107, routed)         5.219     6.668    RST_IBUF
    SLICE_X17Y22         FDCE                                         f  x_offset_reg[6]/CLR
  -------------------------------------------------------------------    -------------------

Slack:                    inf
  Source:                 RST
                            (input port)
  Destination:            x_offset_reg[7]/CLR
  Path Group:             (none)
  Path Type:              Max at Slow Process Corner
  Data Path Delay:        6.668ns  (logic 1.449ns (21.731%)  route 5.219ns (78.269%))
  Logic Levels:           1  (IBUF=1)

    Location             Delay type                Incr(ns)  Path(ns)    Netlist Resource(s)
  -------------------------------------------------------------------    -------------------
    H14                                               0.000     0.000 f  RST (IN)
                         net (fo=0)                   0.000     0.000    RST
    H14                  IBUF (Prop_ibuf_I_O)         1.449     1.449 f  RST_IBUF_inst/O
                         net (fo=107, routed)         5.219     6.668    RST_IBUF
    SLICE_X17Y22         FDCE                                         f  x_offset_reg[7]/CLR
  -------------------------------------------------------------------    -------------------

Slack:                    inf
  Source:                 RST
                            (input port)
  Destination:            x_offset_reg[8]/CLR
  Path Group:             (none)
  Path Type:              Max at Slow Process Corner
  Data Path Delay:        6.668ns  (logic 1.449ns (21.731%)  route 5.219ns (78.269%))
  Logic Levels:           1  (IBUF=1)

    Location             Delay type                Incr(ns)  Path(ns)    Netlist Resource(s)
  -------------------------------------------------------------------    -------------------
    H14                                               0.000     0.000 f  RST (IN)
                         net (fo=0)                   0.000     0.000    RST
    H14                  IBUF (Prop_ibuf_I_O)         1.449     1.449 f  RST_IBUF_inst/O
                         net (fo=107, routed)         5.219     6.668    RST_IBUF
    SLICE_X17Y22         FDCE                                         f  x_offset_reg[8]/CLR
  -------------------------------------------------------------------    -------------------





Min Delay Paths
--------------------------------------------------------------------------------------
Slack:                    inf
  Source:                 x_offset_reg[5]/C
                            (rising edge-triggered cell FDCE)
  Destination:            x_offset_reg[5]/D
  Path Group:             (none)
  Path Type:              Min at Fast Process Corner
  Data Path Delay:        0.330ns  (logic 0.186ns (56.325%)  route 0.144ns (43.675%))
  Logic Levels:           2  (FDCE=1 LUT6=1)

    Location             Delay type                Incr(ns)  Path(ns)    Netlist Resource(s)
  -------------------------------------------------------------------    -------------------
    SLICE_X17Y21         FDCE                         0.000     0.000 r  x_offset_reg[5]/C
    SLICE_X17Y21         FDCE (Prop_fdce_C_Q)         0.141     0.141 r  x_offset_reg[5]/Q
                         net (fo=12, routed)          0.144     0.285    x_offset_reg_n_0_[5]
    SLICE_X17Y21         LUT6 (Prop_lut6_I4_O)        0.045     0.330 r  x_offset[5]_i_1/O
                         net (fo=1, routed)           0.000     0.330    p_1_in[5]
    SLICE_X17Y21         FDCE                                         r  x_offset_reg[5]/D
  -------------------------------------------------------------------    -------------------

Slack:                    inf
  Source:                 x_offset_reg[2]/C
                            (rising edge-triggered cell FDCE)
  Destination:            x_offset_reg[2]/D
  Path Group:             (none)
  Path Type:              Min at Fast Process Corner
  Data Path Delay:        0.364ns  (logic 0.186ns (51.093%)  route 0.178ns (48.907%))
  Logic Levels:           2  (FDCE=1 LUT6=1)

    Location             Delay type                Incr(ns)  Path(ns)    Netlist Resource(s)
  -------------------------------------------------------------------    -------------------
    SLICE_X17Y21         FDCE                         0.000     0.000 r  x_offset_reg[2]/C
    SLICE_X17Y21         FDCE (Prop_fdce_C_Q)         0.141     0.141 r  x_offset_reg[2]/Q
                         net (fo=16, routed)          0.178     0.319    x_offset_reg_n_0_[2]
    SLICE_X17Y21         LUT6 (Prop_lut6_I1_O)        0.045     0.364 r  x_offset[2]_i_1/O
                         net (fo=1, routed)           0.000     0.364    p_1_in[2]
    SLICE_X17Y21         FDCE                                         r  x_offset_reg[2]/D
  -------------------------------------------------------------------    -------------------

Slack:                    inf
  Source:                 clk25_reg/C
                            (rising edge-triggered cell FDRE)
  Destination:            clk25_reg/D
  Path Group:             (none)
  Path Type:              Min at Fast Process Corner
  Data Path Delay:        0.371ns  (logic 0.186ns (50.162%)  route 0.185ns (49.838%))
  Logic Levels:           2  (FDRE=1 LUT1=1)

    Location             Delay type                Incr(ns)  Path(ns)    Netlist Resource(s)
  -------------------------------------------------------------------    -------------------
    SLICE_X16Y46         FDRE                         0.000     0.000 r  clk25_reg/C
    SLICE_X16Y46         FDRE (Prop_fdre_C_Q)         0.141     0.141 f  clk25_reg/Q
                         net (fo=2, routed)           0.185     0.326    clk25
    SLICE_X16Y46         LUT1 (Prop_lut1_I0_O)        0.045     0.371 r  clk25_i_1/O
                         net (fo=1, routed)           0.000     0.371    clk25_i_1_n_0
    SLICE_X16Y46         FDRE                                         r  clk25_reg/D
  -------------------------------------------------------------------    -------------------

Slack:                    inf
  Source:                 x_offset_reg[6]/C
                            (rising edge-triggered cell FDCE)
  Destination:            x_offset_reg[8]/D
  Path Group:             (none)
  Path Type:              Min at Fast Process Corner
  Data Path Delay:        0.395ns  (logic 0.186ns (47.143%)  route 0.209ns (52.857%))
  Logic Levels:           2  (FDCE=1 LUT6=1)

    Location             Delay type                Incr(ns)  Path(ns)    Netlist Resource(s)
  -------------------------------------------------------------------    -------------------
    SLICE_X17Y22         FDCE                         0.000     0.000 r  x_offset_reg[6]/C
    SLICE_X17Y22         FDCE (Prop_fdce_C_Q)         0.141     0.141 r  x_offset_reg[6]/Q
                         net (fo=15, routed)          0.209     0.350    x_offset_reg_n_0_[6]
    SLICE_X17Y22         LUT6 (Prop_lut6_I2_O)        0.045     0.395 r  x_offset[8]_i_2/O
                         net (fo=1, routed)           0.000     0.395    p_1_in[8]
    SLICE_X17Y22         FDCE                                         r  x_offset_reg[8]/D
  -------------------------------------------------------------------    -------------------

Slack:                    inf
  Source:                 hPos_reg[0]/C
                            (rising edge-triggered cell FDCE)
  Destination:            hPos_reg[0]/D
  Path Group:             (none)
  Path Type:              Min at Fast Process Corner
  Data Path Delay:        0.395ns  (logic 0.186ns (47.073%)  route 0.209ns (52.927%))
  Logic Levels:           2  (FDCE=1 LUT1=1)

    Location             Delay type                Incr(ns)  Path(ns)    Netlist Resource(s)
  -------------------------------------------------------------------    -------------------
    SLICE_X4Y20          FDCE                         0.000     0.000 r  hPos_reg[0]/C
    SLICE_X4Y20          FDCE (Prop_fdce_C_Q)         0.141     0.141 f  hPos_reg[0]/Q
                         net (fo=11, routed)          0.209     0.350    hPos_reg_n_0_[0]
    SLICE_X4Y20          LUT1 (Prop_lut1_I0_O)        0.045     0.395 r  hPos[0]_i_1/O
                         net (fo=1, routed)           0.000     0.395    hPos[0]
    SLICE_X4Y20          FDCE                                         r  hPos_reg[0]/D
  -------------------------------------------------------------------    -------------------

Slack:                    inf
  Source:                 vPos_reg[0]/C
                            (rising edge-triggered cell FDCE)
  Destination:            vPos_reg[0]/D
  Path Group:             (none)
  Path Type:              Min at Fast Process Corner
  Data Path Delay:        0.395ns  (logic 0.209ns (52.866%)  route 0.186ns (47.134%))
  Logic Levels:           2  (FDCE=1 LUT5=1)

    Location             Delay type                Incr(ns)  Path(ns)    Netlist Resource(s)
  -------------------------------------------------------------------    -------------------
    SLICE_X12Y22         FDCE                         0.000     0.000 r  vPos_reg[0]/C
    SLICE_X12Y22         FDCE (Prop_fdce_C_Q)         0.164     0.164 f  vPos_reg[0]/Q
                         net (fo=11, routed)          0.186     0.350    vPos_reg_n_0_[0]
    SLICE_X12Y22         LUT5 (Prop_lut5_I0_O)        0.045     0.395 r  vPos[0]_i_1/O
                         net (fo=1, routed)           0.000     0.395    vPos[0]_i_1_n_0
    SLICE_X12Y22         FDCE                                         r  vPos_reg[0]/D
  -------------------------------------------------------------------    -------------------

Slack:                    inf
  Source:                 x_offset_reg[0]/C
                            (rising edge-triggered cell FDCE)
  Destination:            x_offset_reg[1]/D
  Path Group:             (none)
  Path Type:              Min at Fast Process Corner
  Data Path Delay:        0.412ns  (logic 0.183ns (44.401%)  route 0.229ns (55.599%))
  Logic Levels:           2  (FDCE=1 LUT5=1)

    Location             Delay type                Incr(ns)  Path(ns)    Netlist Resource(s)
  -------------------------------------------------------------------    -------------------
    SLICE_X16Y21         FDCE                         0.000     0.000 r  x_offset_reg[0]/C
    SLICE_X16Y21         FDCE (Prop_fdce_C_Q)         0.141     0.141 r  x_offset_reg[0]/Q
                         net (fo=20, routed)          0.229     0.370    x_offset_reg_n_0_[0]
    SLICE_X16Y21         LUT5 (Prop_lut5_I3_O)        0.042     0.412 r  x_offset[1]_i_1/O
                         net (fo=1, routed)           0.000     0.412    p_1_in[1]
    SLICE_X16Y21         FDCE                                         r  x_offset_reg[1]/D
  -------------------------------------------------------------------    -------------------

Slack:                    inf
  Source:                 x_offset_reg[0]/C
                            (rising edge-triggered cell FDCE)
  Destination:            x_offset_reg[0]/D
  Path Group:             (none)
  Path Type:              Min at Fast Process Corner
  Data Path Delay:        0.415ns  (logic 0.186ns (44.803%)  route 0.229ns (55.197%))
  Logic Levels:           2  (FDCE=1 LUT4=1)

    Location             Delay type                Incr(ns)  Path(ns)    Netlist Resource(s)
  -------------------------------------------------------------------    -------------------
    SLICE_X16Y21         FDCE                         0.000     0.000 r  x_offset_reg[0]/C
    SLICE_X16Y21         FDCE (Prop_fdce_C_Q)         0.141     0.141 f  x_offset_reg[0]/Q
                         net (fo=20, routed)          0.229     0.370    x_offset_reg_n_0_[0]
    SLICE_X16Y21         LUT4 (Prop_lut4_I3_O)        0.045     0.415 r  x_offset[0]_i_1/O
                         net (fo=1, routed)           0.000     0.415    p_1_in[0]
    SLICE_X16Y21         FDCE                                         r  x_offset_reg[0]/D
  -------------------------------------------------------------------    -------------------

Slack:                    inf
  Source:                 hPos_reg[5]/C
                            (rising edge-triggered cell FDCE)
  Destination:            hPos_reg[4]/D
  Path Group:             (none)
  Path Type:              Min at Fast Process Corner
  Data Path Delay:        0.416ns  (logic 0.186ns (44.731%)  route 0.230ns (55.269%))
  Logic Levels:           2  (FDCE=1 LUT6=1)

    Location             Delay type                Incr(ns)  Path(ns)    Netlist Resource(s)
  -------------------------------------------------------------------    -------------------
    SLICE_X4Y21          FDCE                         0.000     0.000 r  hPos_reg[5]/C
    SLICE_X4Y21          FDCE (Prop_fdce_C_Q)         0.141     0.141 r  hPos_reg[5]/Q
                         net (fo=42, routed)          0.230     0.371    hPos_reg_n_0_[5]
    SLICE_X4Y21          LUT6 (Prop_lut6_I3_O)        0.045     0.416 r  hPos[4]_i_1/O
                         net (fo=1, routed)           0.000     0.416    hPos[4]
    SLICE_X4Y21          FDCE                                         r  hPos_reg[4]/D
  -------------------------------------------------------------------    -------------------

Slack:                    inf
  Source:                 hPos_reg[5]/C
                            (rising edge-triggered cell FDCE)
  Destination:            hPos_reg[5]/D
  Path Group:             (none)
  Path Type:              Min at Fast Process Corner
  Data Path Delay:        0.417ns  (logic 0.186ns (44.624%)  route 0.231ns (55.376%))
  Logic Levels:           2  (FDCE=1 LUT6=1)

    Location             Delay type                Incr(ns)  Path(ns)    Netlist Resource(s)
  -------------------------------------------------------------------    -------------------
    SLICE_X4Y21          FDCE                         0.000     0.000 r  hPos_reg[5]/C
    SLICE_X4Y21          FDCE (Prop_fdce_C_Q)         0.141     0.141 r  hPos_reg[5]/Q
                         net (fo=42, routed)          0.231     0.372    hPos_reg_n_0_[5]
    SLICE_X4Y21          LUT6 (Prop_lut6_I3_O)        0.045     0.417 r  hPos[5]_i_1/O
                         net (fo=1, routed)           0.000     0.417    hPos[5]
    SLICE_X4Y21          FDCE                                         r  hPos_reg[5]/D
  -------------------------------------------------------------------    -------------------





