#-----------------------------------------------------------
# Vivado v2025.1 (64-bit)
# SW Build 6140274 on Thu May 22 00:12:29 MDT 2025
# IP Build 6138677 on Thu May 22 03:10:11 MDT 2025
# SharedData Build 6139179 on Tue May 20 17:58:58 MDT 2025
# Start of session at: Wed Nov 12 21:00:59 2025
# Process ID         : 8280
# Current directory  : C:/Users/julia/DHBW/FPGA/Programmentwurf_VGA_exp_1/Programmentwurf_VGA_exp_1.runs/impl_1
# Command line       : vivado.exe -log VGA_Ansteuerung_CLK.vdi -applog -product Vivado -messageDb vivado.pb -mode batch -source VGA_Ansteuerung_CLK.tcl -notrace
# Log file           : C:/Users/julia/DHBW/FPGA/Programmentwurf_VGA_exp_1/Programmentwurf_VGA_exp_1.runs/impl_1/VGA_Ansteuerung_CLK.vdi
# Journal file       : C:/Users/julia/DHBW/FPGA/Programmentwurf_VGA_exp_1/Programmentwurf_VGA_exp_1.runs/impl_1\vivado.jou
# Running On         : Julians_LG_Gram
# Platform           : Windows Server 2016 or Windows 10
# Operating System   : 26100
# Processor Detail   : 13th Gen Intel(R) Core(TM) i7-1360P
# CPU Frequency      : 2611 MHz
# CPU Physical cores : 12
# CPU Logical cores  : 16
# Host memory        : 16847 MB
# Swap memory        : 1476 MB
# Total Virtual      : 18323 MB
# Available Virtual  : 6099 MB
#-----------------------------------------------------------
source VGA_Ansteuerung_CLK.tcl -notrace
