#-----------------------------------------------------------
# Vivado v2025.1 (64-bit)
# SW Build 6140274 on Thu May 22 00:12:29 MDT 2025
# IP Build 6138677 on Thu May 22 03:10:11 MDT 2025
# SharedData Build 6139179 on Tue May 20 17:58:58 MDT 2025
# Start of session at: Wed Nov 12 19:22:21 2025
# Process ID         : 14376
# Current directory  : C:/Users/julia/DHBW/FPGA/Programmentwurf_VGA_exp_1
# Command line       : vivado.exe -gui_launcher_event rodinguilauncherevent13912 C:\Users\julia\DHBW\FPGA\Programmentwurf_VGA_exp_1\Programmentwurf_VGA_exp_1.xpr
# Log file           : C:/Users/julia/DHBW/FPGA/Programmentwurf_VGA_exp_1/vivado.log
# Journal file       : C:/Users/julia/DHBW/FPGA/Programmentwurf_VGA_exp_1\vivado.jou
# Running On         : Julians_LG_Gram
# Platform           : Windows Server 2016 or Windows 10
# Operating System   : 26100
# Processor Detail   : 13th Gen Intel(R) Core(TM) i7-1360P
# CPU Frequency      : 2611 MHz
# CPU Physical cores : 12
# CPU Logical cores  : 16
# Host memory        : 16847 MB
# Swap memory        : 1476 MB
# Total Virtual      : 18323 MB
# Available Virtual  : 12691 MB
#-----------------------------------------------------------
start_gui
open_project C:/Users/julia/DHBW/FPGA/Programmentwurf_VGA_exp_1/Programmentwurf_VGA_exp_1.xpr
WARNING: [Board 49-26] cannot add Board Part xilinx.com:emb-plus-vpr-4616:part0:1.0 available at C:/Xilinx/2025.1/data/xhub/boards\XilinxBoardStore\boards\Xilinx\emb-plus-vpr-4616\1.0\board.xml as part xcve2302-sfva784-2mp-e-s specified in board_part file is either invalid or not available
WARNING: [Board 49-26] cannot add Board Part xilinx.com:emb-plus-vpr-4616:part0:1.1 available at C:/Xilinx/2025.1/data/xhub/boards\XilinxBoardStore\boards\Xilinx\emb-plus-vpr-4616\1.1\board.xml as part xcve2302-sfva784-2mp-e-s specified in board_part file is either invalid or not available
INFO: [filemgmt 56-3] Default IP Output Path : Could not find the directory 'C:/Users/julia/DHBW/FPGA/Programmentwurf_VGA_exp_1/Programmentwurf_VGA_exp_1.gen/sources_1'.
WARNING: [Board 49-26] cannot add Board Part xilinx.com:kcu105:part0:1.6 available at C:/Xilinx/2025.1/data/xhub/boards\XilinxBoardStore\boards\Xilinx\kcu105\1.6\board.xml as part xcku040-ffva1156-2-e specified in board_part file is either invalid or not available
WARNING: [Board 49-26] cannot add Board Part xilinx.com:kcu105:part0:1.7 available at C:/Xilinx/2025.1/data/xhub/boards\XilinxBoardStore\boards\Xilinx\kcu105\1.7\board.xml as part xcku040-ffva1156-2-e specified in board_part file is either invalid or not available
WARNING: [Board 49-26] cannot add Board Part xilinx.com:kcu116:part0:1.4 available at C:/Xilinx/2025.1/data/xhub/boards\XilinxBoardStore\boards\Xilinx\kcu116\1.4\board.xml as part xcku5p-ffvb676-2-e specified in board_part file is either invalid or not available
WARNING: [Board 49-26] cannot add Board Part xilinx.com:kcu116:part0:1.5 available at C:/Xilinx/2025.1/data/xhub/boards\XilinxBoardStore\boards\Xilinx\kcu116\1.5\board.xml as part xcku5p-ffvb676-2-e specified in board_part file is either invalid or not available
WARNING: [Board 49-26] cannot add Board Part xilinx.com:scu35:part0:1.0 available at C:/Xilinx/2025.1/data/xhub/boards\XilinxBoardStore\boards\Xilinx\scu35\1.0\board.xml as part xcsu35p-sbvb625-2-e specified in board_part file is either invalid or not available
WARNING: [Board 49-26] cannot add Board Part xilinx.com:v80:part0:1.0 available at C:/Xilinx/2025.1/data/xhub/boards\XilinxBoardStore\boards\Xilinx\v80\1.0\board.xml as part xcv80-lsva4737-2mhp-e-s specified in board_part file is either invalid or not available
WARNING: [Board 49-26] cannot add Board Part xilinx.com:vcu108:part0:1.6 available at C:/Xilinx/2025.1/data/xhub/boards\XilinxBoardStore\boards\Xilinx\vcu108\1.6\board.xml as part xcvu095-ffva2104-2-e specified in board_part file is either invalid or not available
WARNING: [Board 49-26] cannot add Board Part xilinx.com:vcu108:part0:1.7 available at C:/Xilinx/2025.1/data/xhub/boards\XilinxBoardStore\boards\Xilinx\vcu108\1.7\board.xml as part xcvu095-ffva2104-2-e specified in board_part file is either invalid or not available
WARNING: [Board 49-26] cannot add Board Part xilinx.com:vcu110:part0:1.4 available at C:/Xilinx/2025.1/data/xhub/boards\XilinxBoardStore\boards\Xilinx\vcu110\1.4\board.xml as part xcvu190-flgc2104-2-e specified in board_part file is either invalid or not available
WARNING: [Board 49-26] cannot add Board Part xilinx.com:vcu128:part0:1.0 available at C:/Xilinx/2025.1/data/xhub/boards\XilinxBoardStore\boards\Xilinx\vcu128\production\1.0\board.xml as part xcvu37p-fsvh2892-2l-e specified in board_part file is either invalid or not available
WARNING: [Board 49-26] cannot add Board Part xilinx.com:vcu129:part0:1.0 available at C:/Xilinx/2025.1/data/xhub/boards\XilinxBoardStore\boards\Xilinx\vcu129\production\1.0\board.xml as part xcvu29p-fsga2577-2l-e specified in board_part file is either invalid or not available
WARNING: [Board 49-26] cannot add Board Part xilinx.com:vek280:part0:1.0 available at C:/Xilinx/2025.1/data/xhub/boards\XilinxBoardStore\boards\Xilinx\vek280\production\1.0\board.xml as part xcve2802-vsvh1760-2mp-e-s specified in board_part file is either invalid or not available
WARNING: [Board 49-26] cannot add Board Part xilinx.com:vek280:part0:1.1 available at C:/Xilinx/2025.1/data/xhub/boards\XilinxBoardStore\boards\Xilinx\vek280\production\1.1\board.xml as part xcve2802-vsvh1760-2mp-e-s specified in board_part file is either invalid or not available
WARNING: [Board 49-26] cannot add Board Part xilinx.com:vek280:part0:1.2 available at C:/Xilinx/2025.1/data/xhub/boards\XilinxBoardStore\boards\Xilinx\vek280\production\1.2\board.xml as part xcve2802-vsvh1760-2mp-e-s specified in board_part file is either invalid or not available
WARNING: [Board 49-26] cannot add Board Part xilinx.com:vek385:part0:1.0 available at C:/Xilinx/2025.1/data/xhub/boards\XilinxBoardStore\boards\Xilinx\vek385\1.0\board.xml as part xc2ve3858-ssva2112-2mp-e-s specified in board_part file is either invalid or not available
WARNING: [Board 49-26] cannot add Board Part xilinx.com:vermeo_t1_rfsoc:part0:1.0 available at C:/Xilinx/2025.1/data/xhub/boards\XilinxBoardStore\boards\Xilinx\vermeo_t1_rfsoc\1.0\board.xml as part xczu21dr-ffvd1156-2l-e specified in board_part file is either invalid or not available
WARNING: [Board 49-26] cannot add Board Part xilinx.com:vhk158:part0:1.0 available at C:/Xilinx/2025.1/data/xhub/boards\XilinxBoardStore\boards\Xilinx\vhk158\production\1.0\board.xml as part xcvh1582-vsva3697-2mp-e-s specified in board_part file is either invalid or not available
WARNING: [Board 49-26] cannot add Board Part xilinx.com:vhk158:part0:1.1 available at C:/Xilinx/2025.1/data/xhub/boards\XilinxBoardStore\boards\Xilinx\vhk158\production\1.1\board.xml as part xcvh1582-vsva3697-2mp-e-s specified in board_part file is either invalid or not available
WARNING: [Board 49-26] cannot add Board Part xilinx.com:vhk158:part0:1.2 available at C:/Xilinx/2025.1/data/xhub/boards\XilinxBoardStore\boards\Xilinx\vhk158\production\1.2\board.xml as part xcvh1582-vsva3697-2mp-e-s specified in board_part file is either invalid or not available
WARNING: [Board 49-26] cannot add Board Part xilinx.com:vpk180:part0:1.0 available at C:/Xilinx/2025.1/data/xhub/boards\XilinxBoardStore\boards\Xilinx\vpk180\production\1.0\board.xml as part xcvp1802-lsvc4072-2mp-e-s specified in board_part file is either invalid or not available
WARNING: [Board 49-26] cannot add Board Part xilinx.com:vpk180:part0:1.1 available at C:/Xilinx/2025.1/data/xhub/boards\XilinxBoardStore\boards\Xilinx\vpk180\production\1.1\board.xml as part xcvp1802-lsvc4072-2mp-e-s specified in board_part file is either invalid or not available
WARNING: [Board 49-26] cannot add Board Part xilinx.com:vpk180:part0:1.2 available at C:/Xilinx/2025.1/data/xhub/boards\XilinxBoardStore\boards\Xilinx\vpk180\production\1.2\board.xml as part xcvp1802-lsvc4072-2mp-e-s specified in board_part file is either invalid or not available
WARNING: [Board 49-26] cannot add Board Part xilinx.com:zcu111:part0:1.2 available at C:/Xilinx/2025.1/data/xhub/boards\XilinxBoardStore\boards\Xilinx\zcu111\1.2\board.xml as part xczu28dr-ffvg1517-2-e specified in board_part file is either invalid or not available
WARNING: [Board 49-26] cannot add Board Part xilinx.com:zcu111:part0:1.3 available at C:/Xilinx/2025.1/data/xhub/boards\XilinxBoardStore\boards\Xilinx\zcu111\1.3\board.xml as part xczu28dr-ffvg1517-2-e specified in board_part file is either invalid or not available
WARNING: [Board 49-26] cannot add Board Part xilinx.com:zcu111:part0:1.4 available at C:/Xilinx/2025.1/data/xhub/boards\XilinxBoardStore\boards\Xilinx\zcu111\1.4\board.xml as part xczu28dr-ffvg1517-2-e specified in board_part file is either invalid or not available
WARNING: [Board 49-26] cannot add Board Part xilinx.com:zcu1275:part0:1.0 available at C:/Xilinx/2025.1/data/xhub/boards\XilinxBoardStore\boards\Xilinx\zcu1275\1.0\board.xml as part xczu29dr-ffvf1760-2-e specified in board_part file is either invalid or not available
WARNING: [Board 49-26] cannot add Board Part xilinx.com:zcu1285:part0:1.0 available at C:/Xilinx/2025.1/data/xhub/boards\XilinxBoardStore\boards\Xilinx\zcu1285\1.0\board.xml as part xczu39dr-ffvf1760-2-i specified in board_part file is either invalid or not available
WARNING: [Board 49-26] cannot add Board Part xilinx.com:zcu208:part0:2.0 available at C:/Xilinx/2025.1/data/xhub/boards\XilinxBoardStore\boards\Xilinx\zcu208\production\2.0\board.xml as part xczu48dr-fsvg1517-2-e specified in board_part file is either invalid or not available
WARNING: [Board 49-26] cannot add Board Part xilinx.com:zcu208ld:part0:2.0 available at C:/Xilinx/2025.1/data/xhub/boards\XilinxBoardStore\boards\Xilinx\zcu208ld\production\2.0\board.xml as part xczu58dr-fsvg1517-2-i specified in board_part file is either invalid or not available
WARNING: [Board 49-26] cannot add Board Part xilinx.com:zcu216:part0:2.0 available at C:/Xilinx/2025.1/data/xhub/boards\XilinxBoardStore\boards\Xilinx\zcu216\production\2.0\board.xml as part xczu49dr-ffvf1760-2-e specified in board_part file is either invalid or not available
WARNING: [Board 49-26] cannot add Board Part xilinx.com:zcu216ld:part0:2.0 available at C:/Xilinx/2025.1/data/xhub/boards\XilinxBoardStore\boards\Xilinx\zcu216ld\production\2.0\board.xml as part xczu59dr-ffvf1760-2-i specified in board_part file is either invalid or not available
WARNING: [Board 49-26] cannot add Board Part xilinx.com:zcu670:part0:2.0 available at C:/Xilinx/2025.1/data/xhub/boards\XilinxBoardStore\boards\Xilinx\zcu670\2.0\board.xml as part xczu67dr-fsve1156-2-i specified in board_part file is either invalid or not available
WARNING: [Board 49-26] cannot add Board Part xilinx.com:zcu670ld:part0:1.0 available at C:/Xilinx/2025.1/data/xhub/boards\XilinxBoardStore\boards\Xilinx\zcu670ld\1.0\board.xml as part xczu57dr-fsve1156-2-i specified in board_part file is either invalid or not available
Scanning sources...
Finished scanning sources
WARNING: [Board 49-26] cannot add Board Part xilinx.com:emb-plus-vpr-4616:part0:1.0 available at C:/Xilinx/2025.1/data/xhub/boards\XilinxBoardStore\boards\Xilinx\emb-plus-vpr-4616\1.0\board.xml as part xcve2302-sfva784-2mp-e-s specified in board_part file is either invalid or not available
WARNING: [Board 49-26] cannot add Board Part xilinx.com:emb-plus-vpr-4616:part0:1.1 available at C:/Xilinx/2025.1/data/xhub/boards\XilinxBoardStore\boards\Xilinx\emb-plus-vpr-4616\1.1\board.xml as part xcve2302-sfva784-2mp-e-s specified in board_part file is either invalid or not available
WARNING: [Board 49-26] cannot add Board Part xilinx.com:kcu105:part0:1.6 available at C:/Xilinx/2025.1/data/xhub/boards\XilinxBoardStore\boards\Xilinx\kcu105\1.6\board.xml as part xcku040-ffva1156-2-e specified in board_part file is either invalid or not available
WARNING: [Board 49-26] cannot add Board Part xilinx.com:kcu105:part0:1.7 available at C:/Xilinx/2025.1/data/xhub/boards\XilinxBoardStore\boards\Xilinx\kcu105\1.7\board.xml as part xcku040-ffva1156-2-e specified in board_part file is either invalid or not available
WARNING: [Board 49-26] cannot add Board Part xilinx.com:kcu116:part0:1.4 available at C:/Xilinx/2025.1/data/xhub/boards\XilinxBoardStore\boards\Xilinx\kcu116\1.4\board.xml as part xcku5p-ffvb676-2-e specified in board_part file is either invalid or not available
WARNING: [Board 49-26] cannot add Board Part xilinx.com:kcu116:part0:1.5 available at C:/Xilinx/2025.1/data/xhub/boards\XilinxBoardStore\boards\Xilinx\kcu116\1.5\board.xml as part xcku5p-ffvb676-2-e specified in board_part file is either invalid or not available
WARNING: [Board 49-26] cannot add Board Part xilinx.com:scu35:part0:1.0 available at C:/Xilinx/2025.1/data/xhub/boards\XilinxBoardStore\boards\Xilinx\scu35\1.0\board.xml as part xcsu35p-sbvb625-2-e specified in board_part file is either invalid or not available
WARNING: [Board 49-26] cannot add Board Part xilinx.com:v80:part0:1.0 available at C:/Xilinx/2025.1/data/xhub/boards\XilinxBoardStore\boards\Xilinx\v80\1.0\board.xml as part xcv80-lsva4737-2mhp-e-s specified in board_part file is either invalid or not available
WARNING: [Board 49-26] cannot add Board Part xilinx.com:vcu108:part0:1.6 available at C:/Xilinx/2025.1/data/xhub/boards\XilinxBoardStore\boards\Xilinx\vcu108\1.6\board.xml as part xcvu095-ffva2104-2-e specified in board_part file is either invalid or not available
WARNING: [Board 49-26] cannot add Board Part xilinx.com:vcu108:part0:1.7 available at C:/Xilinx/2025.1/data/xhub/boards\XilinxBoardStore\boards\Xilinx\vcu108\1.7\board.xml as part xcvu095-ffva2104-2-e specified in board_part file is either invalid or not available
WARNING: [Board 49-26] cannot add Board Part xilinx.com:vcu110:part0:1.4 available at C:/Xilinx/2025.1/data/xhub/boards\XilinxBoardStore\boards\Xilinx\vcu110\1.4\board.xml as part xcvu190-flgc2104-2-e specified in board_part file is either invalid or not available
WARNING: [Board 49-26] cannot add Board Part xilinx.com:vcu128:part0:1.0 available at C:/Xilinx/2025.1/data/xhub/boards\XilinxBoardStore\boards\Xilinx\vcu128\production\1.0\board.xml as part xcvu37p-fsvh2892-2l-e specified in board_part file is either invalid or not available
WARNING: [Board 49-26] cannot add Board Part xilinx.com:vcu129:part0:1.0 available at C:/Xilinx/2025.1/data/xhub/boards\XilinxBoardStore\boards\Xilinx\vcu129\production\1.0\board.xml as part xcvu29p-fsga2577-2l-e specified in board_part file is either invalid or not available
WARNING: [Board 49-26] cannot add Board Part xilinx.com:vek280:part0:1.0 available at C:/Xilinx/2025.1/data/xhub/boards\XilinxBoardStore\boards\Xilinx\vek280\production\1.0\board.xml as part xcve2802-vsvh1760-2mp-e-s specified in board_part file is either invalid or not available
WARNING: [Board 49-26] cannot add Board Part xilinx.com:vek280:part0:1.1 available at C:/Xilinx/2025.1/data/xhub/boards\XilinxBoardStore\boards\Xilinx\vek280\production\1.1\board.xml as part xcve2802-vsvh1760-2mp-e-s specified in board_part file is either invalid or not available
WARNING: [Board 49-26] cannot add Board Part xilinx.com:vek280:part0:1.2 available at C:/Xilinx/2025.1/data/xhub/boards\XilinxBoardStore\boards\Xilinx\vek280\production\1.2\board.xml as part xcve2802-vsvh1760-2mp-e-s specified in board_part file is either invalid or not available
WARNING: [Board 49-26] cannot add Board Part xilinx.com:vek385:part0:1.0 available at C:/Xilinx/2025.1/data/xhub/boards\XilinxBoardStore\boards\Xilinx\vek385\1.0\board.xml as part xc2ve3858-ssva2112-2mp-e-s specified in board_part file is either invalid or not available
WARNING: [Board 49-26] cannot add Board Part xilinx.com:vermeo_t1_rfsoc:part0:1.0 available at C:/Xilinx/2025.1/data/xhub/boards\XilinxBoardStore\boards\Xilinx\vermeo_t1_rfsoc\1.0\board.xml as part xczu21dr-ffvd1156-2l-e specified in board_part file is either invalid or not available
WARNING: [Board 49-26] cannot add Board Part xilinx.com:vhk158:part0:1.0 available at C:/Xilinx/2025.1/data/xhub/boards\XilinxBoardStore\boards\Xilinx\vhk158\production\1.0\board.xml as part xcvh1582-vsva3697-2mp-e-s specified in board_part file is either invalid or not available
WARNING: [Board 49-26] cannot add Board Part xilinx.com:vhk158:part0:1.1 available at C:/Xilinx/2025.1/data/xhub/boards\XilinxBoardStore\boards\Xilinx\vhk158\production\1.1\board.xml as part xcvh1582-vsva3697-2mp-e-s specified in board_part file is either invalid or not available
WARNING: [Board 49-26] cannot add Board Part xilinx.com:vhk158:part0:1.2 available at C:/Xilinx/2025.1/data/xhub/boards\XilinxBoardStore\boards\Xilinx\vhk158\production\1.2\board.xml as part xcvh1582-vsva3697-2mp-e-s specified in board_part file is either invalid or not available
WARNING: [Board 49-26] cannot add Board Part xilinx.com:vpk180:part0:1.0 available at C:/Xilinx/2025.1/data/xhub/boards\XilinxBoardStore\boards\Xilinx\vpk180\production\1.0\board.xml as part xcvp1802-lsvc4072-2mp-e-s specified in board_part file is either invalid or not available
WARNING: [Board 49-26] cannot add Board Part xilinx.com:vpk180:part0:1.1 available at C:/Xilinx/2025.1/data/xhub/boards\XilinxBoardStore\boards\Xilinx\vpk180\production\1.1\board.xml as part xcvp1802-lsvc4072-2mp-e-s specified in board_part file is either invalid or not available
WARNING: [Board 49-26] cannot add Board Part xilinx.com:vpk180:part0:1.2 available at C:/Xilinx/2025.1/data/xhub/boards\XilinxBoardStore\boards\Xilinx\vpk180\production\1.2\board.xml as part xcvp1802-lsvc4072-2mp-e-s specified in board_part file is either invalid or not available
WARNING: [Board 49-26] cannot add Board Part xilinx.com:zcu111:part0:1.2 available at C:/Xilinx/2025.1/data/xhub/boards\XilinxBoardStore\boards\Xilinx\zcu111\1.2\board.xml as part xczu28dr-ffvg1517-2-e specified in board_part file is either invalid or not available
WARNING: [Board 49-26] cannot add Board Part xilinx.com:zcu111:part0:1.3 available at C:/Xilinx/2025.1/data/xhub/boards\XilinxBoardStore\boards\Xilinx\zcu111\1.3\board.xml as part xczu28dr-ffvg1517-2-e specified in board_part file is either invalid or not available
WARNING: [Board 49-26] cannot add Board Part xilinx.com:zcu111:part0:1.4 available at C:/Xilinx/2025.1/data/xhub/boards\XilinxBoardStore\boards\Xilinx\zcu111\1.4\board.xml as part xczu28dr-ffvg1517-2-e specified in board_part file is either invalid or not available
WARNING: [Board 49-26] cannot add Board Part xilinx.com:zcu1275:part0:1.0 available at C:/Xilinx/2025.1/data/xhub/boards\XilinxBoardStore\boards\Xilinx\zcu1275\1.0\board.xml as part xczu29dr-ffvf1760-2-e specified in board_part file is either invalid or not available
WARNING: [Board 49-26] cannot add Board Part xilinx.com:zcu1285:part0:1.0 available at C:/Xilinx/2025.1/data/xhub/boards\XilinxBoardStore\boards\Xilinx\zcu1285\1.0\board.xml as part xczu39dr-ffvf1760-2-i specified in board_part file is either invalid or not available
WARNING: [Board 49-26] cannot add Board Part xilinx.com:zcu208:part0:2.0 available at C:/Xilinx/2025.1/data/xhub/boards\XilinxBoardStore\boards\Xilinx\zcu208\production\2.0\board.xml as part xczu48dr-fsvg1517-2-e specified in board_part file is either invalid or not available
WARNING: [Board 49-26] cannot add Board Part xilinx.com:zcu208ld:part0:2.0 available at C:/Xilinx/2025.1/data/xhub/boards\XilinxBoardStore\boards\Xilinx\zcu208ld\production\2.0\board.xml as part xczu58dr-fsvg1517-2-i specified in board_part file is either invalid or not available
WARNING: [Board 49-26] cannot add Board Part xilinx.com:zcu216:part0:2.0 available at C:/Xilinx/2025.1/data/xhub/boards\XilinxBoardStore\boards\Xilinx\zcu216\production\2.0\board.xml as part xczu49dr-ffvf1760-2-e specified in board_part file is either invalid or not available
WARNING: [Board 49-26] cannot add Board Part xilinx.com:zcu216ld:part0:2.0 available at C:/Xilinx/2025.1/data/xhub/boards\XilinxBoardStore\boards\Xilinx\zcu216ld\production\2.0\board.xml as part xczu59dr-ffvf1760-2-i specified in board_part file is either invalid or not available
WARNING: [Board 49-26] cannot add Board Part xilinx.com:zcu670:part0:2.0 available at C:/Xilinx/2025.1/data/xhub/boards\XilinxBoardStore\boards\Xilinx\zcu670\2.0\board.xml as part xczu67dr-fsve1156-2-i specified in board_part file is either invalid or not available
WARNING: [Board 49-26] cannot add Board Part xilinx.com:zcu670ld:part0:1.0 available at C:/Xilinx/2025.1/data/xhub/boards\XilinxBoardStore\boards\Xilinx\zcu670ld\1.0\board.xml as part xczu57dr-fsve1156-2-i specified in board_part file is either invalid or not available
INFO: [IP_Flow 19-234] Refreshing IP repositories
INFO: [IP_Flow 19-1704] No user IP repositories specified
INFO: [IP_Flow 19-2313] Loaded Vivado IP repository 'C:/Xilinx/2025.1/Vivado/data/ip'.
open_project: Time (s): cpu = 00:00:32 ; elapsed = 00:00:17 . Memory (MB): peak = 1740.434 ; gain = 280.676
update_compile_order -fileset sources_1
close [ open C:/Users/julia/DHBW/FPGA/Programmentwurf_VGA_exp_1/Programmentwurf_VGA_exp_1.srcs/sources_1/new/Fuﬂballspiel_top.vhd w ]
add_files C:/Users/julia/DHBW/FPGA/Programmentwurf_VGA_exp_1/Programmentwurf_VGA_exp_1.srcs/sources_1/new/Fuﬂballspiel_top.vhd
update_compile_order -fileset sources_1
remove_files  C:/Users/julia/DHBW/FPGA/Programmentwurf_VGA_exp_1/Programmentwurf_VGA_exp_1.srcs/sources_1/new/Fuﬂballspiel_top.vhd
file delete -force C:/Users/julia/DHBW/FPGA/Programmentwurf_VGA_exp_1/Programmentwurf_VGA_exp_1.srcs/sources_1/new/Fuﬂballspiel_top.vhd
reset_run synth_1
INFO: [Project 1-1161] Replacing file C:/Users/julia/DHBW/FPGA/Programmentwurf_VGA_exp_1/Programmentwurf_VGA_exp_1.srcs/utils_1/imports/synth_1/VGA_Ansteuerung_CLK.dcp with file C:/Users/julia/DHBW/FPGA/Programmentwurf_VGA_exp_1/Programmentwurf_VGA_exp_1.runs/synth_1/VGA_Ansteuerung_CLK.dcp
launch_runs impl_1 -to_step write_bitstream -jobs 8
[Wed Nov 12 19:32:05 2025] Launched synth_1...
Run output will be captured here: C:/Users/julia/DHBW/FPGA/Programmentwurf_VGA_exp_1/Programmentwurf_VGA_exp_1.runs/synth_1/runme.log
[Wed Nov 12 19:32:05 2025] Launched impl_1...
Run output will be captured here: C:/Users/julia/DHBW/FPGA/Programmentwurf_VGA_exp_1/Programmentwurf_VGA_exp_1.runs/impl_1/runme.log
open_hw_manager
connect_hw_server -allow_non_jtag
INFO: [Labtools 27-2285] Connecting to hw_server url TCP:localhost:3121
INFO: [Labtools 27-2222] Launching hw_server...
INFO: [Labtools 27-2221] Launch Output:

****** Xilinx hw_server v2025.1
  **** Build date : May  6 2025 at 09:15:36
    ** Copyright 1986-2022 Xilinx, Inc. All Rights Reserved.


INFO: [Labtools 27-3415] Connecting to cs_server url TCP:localhost:0
INFO: [Labtools 27-3417] Launching cs_server...
INFO: [Labtools 27-2221] Launch Output:


******** Xilinx cs_server v2025.1.0
  ****** Build date   : May 13 2025-21:15:27
    **** Build number : 2025.1.1747163727
      ** Copyright 2017-2022 Xilinx, Inc. All Rights Reserved.
      ** Copyright 2022-2025 Advanced Micro Devices, Inc. All Rights Reserved.



connect_hw_server: Time (s): cpu = 00:00:02 ; elapsed = 00:00:08 . Memory (MB): peak = 1792.215 ; gain = 18.141
open_hw_target
INFO: [Labtoolstcl 44-466] Opening hw_target localhost:3121/xilinx_tcf/Digilent/210352BE7150A
set_property PROGRAM.FILE {C:/Users/julia/DHBW/FPGA/Programmentwurf_VGA_exp_1/Programmentwurf_VGA_exp_1.runs/impl_1/VGA_Ansteuerung_CLK.bit} [get_hw_devices xc7s25_0]
current_hw_device [get_hw_devices xc7s25_0]
refresh_hw_device -update_hw_probes false [lindex [get_hw_devices xc7s25_0] 0]
INFO: [Labtools 27-1434] Device xc7s25 (JTAG device index = 0) is programmed with a design that has no supported debug core(s) in it.
set_property PROBES.FILE {} [get_hw_devices xc7s25_0]
set_property FULL_PROBES.FILE {} [get_hw_devices xc7s25_0]
set_property PROGRAM.FILE {C:/Users/julia/DHBW/FPGA/Programmentwurf_VGA_exp_1/Programmentwurf_VGA_exp_1.runs/impl_1/VGA_Ansteuerung_CLK.bit} [get_hw_devices xc7s25_0]
program_hw_devices [get_hw_devices xc7s25_0]
INFO: [Labtools 27-3164] End of startup status: HIGH
refresh_hw_device [lindex [get_hw_devices xc7s25_0] 0]
INFO: [Labtools 27-1434] Device xc7s25 (JTAG device index = 0) is programmed with a design that has no supported debug core(s) in it.
reset_run impl_1 -prev_step 
launch_runs impl_1 -to_step write_bitstream -jobs 8
[Wed Nov 12 19:36:29 2025] Launched impl_1...
Run output will be captured here: C:/Users/julia/DHBW/FPGA/Programmentwurf_VGA_exp_1/Programmentwurf_VGA_exp_1.runs/impl_1/runme.log
set_property PROBES.FILE {} [get_hw_devices xc7s25_0]
set_property FULL_PROBES.FILE {} [get_hw_devices xc7s25_0]
set_property PROGRAM.FILE {C:/Users/julia/DHBW/FPGA/Programmentwurf_VGA_exp_1/Programmentwurf_VGA_exp_1.runs/impl_1/VGA_Ansteuerung_CLK.bit} [get_hw_devices xc7s25_0]
program_hw_devices [get_hw_devices xc7s25_0]
INFO: [Labtools 27-3164] End of startup status: HIGH
refresh_hw_device [lindex [get_hw_devices xc7s25_0] 0]
INFO: [Labtools 27-1434] Device xc7s25 (JTAG device index = 0) is programmed with a design that has no supported debug core(s) in it.
reset_run synth_1
INFO: [Project 1-1161] Replacing file C:/Users/julia/DHBW/FPGA/Programmentwurf_VGA_exp_1/Programmentwurf_VGA_exp_1.srcs/utils_1/imports/synth_1/VGA_Ansteuerung_CLK.dcp with file C:/Users/julia/DHBW/FPGA/Programmentwurf_VGA_exp_1/Programmentwurf_VGA_exp_1.runs/synth_1/VGA_Ansteuerung_CLK.dcp
launch_runs impl_1 -to_step write_bitstream -jobs 8
[Wed Nov 12 19:37:54 2025] Launched synth_1...
Run output will be captured here: C:/Users/julia/DHBW/FPGA/Programmentwurf_VGA_exp_1/Programmentwurf_VGA_exp_1.runs/synth_1/runme.log
[Wed Nov 12 19:37:54 2025] Launched impl_1...
Run output will be captured here: C:/Users/julia/DHBW/FPGA/Programmentwurf_VGA_exp_1/Programmentwurf_VGA_exp_1.runs/impl_1/runme.log
set_property PROBES.FILE {} [get_hw_devices xc7s25_0]
set_property FULL_PROBES.FILE {} [get_hw_devices xc7s25_0]
set_property PROGRAM.FILE {C:/Users/julia/DHBW/FPGA/Programmentwurf_VGA_exp_1/Programmentwurf_VGA_exp_1.runs/impl_1/VGA_Ansteuerung_CLK.bit} [get_hw_devices xc7s25_0]
program_hw_devices [get_hw_devices xc7s25_0]
INFO: [Labtools 27-3164] End of startup status: HIGH
refresh_hw_device [lindex [get_hw_devices xc7s25_0] 0]
INFO: [Labtools 27-1434] Device xc7s25 (JTAG device index = 0) is programmed with a design that has no supported debug core(s) in it.
reset_run impl_1 -prev_step 
launch_runs impl_1 -to_step write_bitstream -jobs 8
[Wed Nov 12 19:41:11 2025] Launched impl_1...
Run output will be captured here: C:/Users/julia/DHBW/FPGA/Programmentwurf_VGA_exp_1/Programmentwurf_VGA_exp_1.runs/impl_1/runme.log
set_property PROBES.FILE {} [get_hw_devices xc7s25_0]
set_property FULL_PROBES.FILE {} [get_hw_devices xc7s25_0]
set_property PROGRAM.FILE {C:/Users/julia/DHBW/FPGA/Programmentwurf_VGA_exp_1/Programmentwurf_VGA_exp_1.runs/impl_1/VGA_Ansteuerung_CLK.bit} [get_hw_devices xc7s25_0]
program_hw_devices [get_hw_devices xc7s25_0]
INFO: [Labtools 27-3164] End of startup status: HIGH
refresh_hw_device [lindex [get_hw_devices xc7s25_0] 0]
INFO: [Labtools 27-1434] Device xc7s25 (JTAG device index = 0) is programmed with a design that has no supported debug core(s) in it.
reset_run synth_1
INFO: [Project 1-1161] Replacing file C:/Users/julia/DHBW/FPGA/Programmentwurf_VGA_exp_1/Programmentwurf_VGA_exp_1.srcs/utils_1/imports/synth_1/VGA_Ansteuerung_CLK.dcp with file C:/Users/julia/DHBW/FPGA/Programmentwurf_VGA_exp_1/Programmentwurf_VGA_exp_1.runs/synth_1/VGA_Ansteuerung_CLK.dcp
launch_runs impl_1 -to_step write_bitstream -jobs 8
[Wed Nov 12 19:42:22 2025] Launched synth_1...
Run output will be captured here: C:/Users/julia/DHBW/FPGA/Programmentwurf_VGA_exp_1/Programmentwurf_VGA_exp_1.runs/synth_1/runme.log
[Wed Nov 12 19:42:22 2025] Launched impl_1...
Run output will be captured here: C:/Users/julia/DHBW/FPGA/Programmentwurf_VGA_exp_1/Programmentwurf_VGA_exp_1.runs/impl_1/runme.log
set_property PROBES.FILE {} [get_hw_devices xc7s25_0]
set_property FULL_PROBES.FILE {} [get_hw_devices xc7s25_0]
set_property PROGRAM.FILE {C:/Users/julia/DHBW/FPGA/Programmentwurf_VGA_exp_1/Programmentwurf_VGA_exp_1.runs/impl_1/VGA_Ansteuerung_CLK.bit} [get_hw_devices xc7s25_0]
program_hw_devices [get_hw_devices xc7s25_0]
INFO: [Labtools 27-3164] End of startup status: HIGH
refresh_hw_device [lindex [get_hw_devices xc7s25_0] 0]
INFO: [Labtools 27-1434] Device xc7s25 (JTAG device index = 0) is programmed with a design that has no supported debug core(s) in it.
reset_run impl_1 -prev_step 
launch_runs impl_1 -to_step write_bitstream -jobs 8
[Wed Nov 12 19:45:03 2025] Launched impl_1...
Run output will be captured here: C:/Users/julia/DHBW/FPGA/Programmentwurf_VGA_exp_1/Programmentwurf_VGA_exp_1.runs/impl_1/runme.log
set_property PROBES.FILE {} [get_hw_devices xc7s25_0]
set_property FULL_PROBES.FILE {} [get_hw_devices xc7s25_0]
set_property PROGRAM.FILE {C:/Users/julia/DHBW/FPGA/Programmentwurf_VGA_exp_1/Programmentwurf_VGA_exp_1.runs/impl_1/VGA_Ansteuerung_CLK.bit} [get_hw_devices xc7s25_0]
program_hw_devices [get_hw_devices xc7s25_0]
INFO: [Labtools 27-3164] End of startup status: HIGH
refresh_hw_device [lindex [get_hw_devices xc7s25_0] 0]
INFO: [Labtools 27-1434] Device xc7s25 (JTAG device index = 0) is programmed with a design that has no supported debug core(s) in it.
reset_run synth_1
INFO: [Project 1-1161] Replacing file C:/Users/julia/DHBW/FPGA/Programmentwurf_VGA_exp_1/Programmentwurf_VGA_exp_1.srcs/utils_1/imports/synth_1/VGA_Ansteuerung_CLK.dcp with file C:/Users/julia/DHBW/FPGA/Programmentwurf_VGA_exp_1/Programmentwurf_VGA_exp_1.runs/synth_1/VGA_Ansteuerung_CLK.dcp
launch_runs impl_1 -to_step write_bitstream -jobs 8
[Wed Nov 12 19:49:29 2025] Launched synth_1...
Run output will be captured here: C:/Users/julia/DHBW/FPGA/Programmentwurf_VGA_exp_1/Programmentwurf_VGA_exp_1.runs/synth_1/runme.log
[Wed Nov 12 19:49:29 2025] Launched impl_1...
Run output will be captured here: C:/Users/julia/DHBW/FPGA/Programmentwurf_VGA_exp_1/Programmentwurf_VGA_exp_1.runs/impl_1/runme.log
set_property PROBES.FILE {} [get_hw_devices xc7s25_0]
set_property FULL_PROBES.FILE {} [get_hw_devices xc7s25_0]
set_property PROGRAM.FILE {C:/Users/julia/DHBW/FPGA/Programmentwurf_VGA_exp_1/Programmentwurf_VGA_exp_1.runs/impl_1/VGA_Ansteuerung_CLK.bit} [get_hw_devices xc7s25_0]
program_hw_devices [get_hw_devices xc7s25_0]
INFO: [Labtools 27-3164] End of startup status: HIGH
refresh_hw_device [lindex [get_hw_devices xc7s25_0] 0]
INFO: [Labtools 27-1434] Device xc7s25 (JTAG device index = 0) is programmed with a design that has no supported debug core(s) in it.
reset_run impl_1 -prev_step 
launch_runs impl_1 -to_step write_bitstream -jobs 8
[Wed Nov 12 19:52:27 2025] Launched impl_1...
Run output will be captured here: C:/Users/julia/DHBW/FPGA/Programmentwurf_VGA_exp_1/Programmentwurf_VGA_exp_1.runs/impl_1/runme.log
set_property PROBES.FILE {} [get_hw_devices xc7s25_0]
set_property FULL_PROBES.FILE {} [get_hw_devices xc7s25_0]
set_property PROGRAM.FILE {C:/Users/julia/DHBW/FPGA/Programmentwurf_VGA_exp_1/Programmentwurf_VGA_exp_1.runs/impl_1/VGA_Ansteuerung_CLK.bit} [get_hw_devices xc7s25_0]
program_hw_devices [get_hw_devices xc7s25_0]
INFO: [Labtools 27-3164] End of startup status: HIGH
refresh_hw_device [lindex [get_hw_devices xc7s25_0] 0]
INFO: [Labtools 27-1434] Device xc7s25 (JTAG device index = 0) is programmed with a design that has no supported debug core(s) in it.
reset_run synth_1
INFO: [Project 1-1161] Replacing file C:/Users/julia/DHBW/FPGA/Programmentwurf_VGA_exp_1/Programmentwurf_VGA_exp_1.srcs/utils_1/imports/synth_1/VGA_Ansteuerung_CLK.dcp with file C:/Users/julia/DHBW/FPGA/Programmentwurf_VGA_exp_1/Programmentwurf_VGA_exp_1.runs/synth_1/VGA_Ansteuerung_CLK.dcp
launch_runs impl_1 -to_step write_bitstream -jobs 8
[Wed Nov 12 19:58:09 2025] Launched synth_1...
Run output will be captured here: C:/Users/julia/DHBW/FPGA/Programmentwurf_VGA_exp_1/Programmentwurf_VGA_exp_1.runs/synth_1/runme.log
[Wed Nov 12 19:58:09 2025] Launched impl_1...
Run output will be captured here: C:/Users/julia/DHBW/FPGA/Programmentwurf_VGA_exp_1/Programmentwurf_VGA_exp_1.runs/impl_1/runme.log
set_property PROBES.FILE {} [get_hw_devices xc7s25_0]
set_property FULL_PROBES.FILE {} [get_hw_devices xc7s25_0]
set_property PROGRAM.FILE {C:/Users/julia/DHBW/FPGA/Programmentwurf_VGA_exp_1/Programmentwurf_VGA_exp_1.runs/impl_1/VGA_Ansteuerung_CLK.bit} [get_hw_devices xc7s25_0]
program_hw_devices [get_hw_devices xc7s25_0]
INFO: [Labtools 27-3164] End of startup status: HIGH
refresh_hw_device [lindex [get_hw_devices xc7s25_0] 0]
INFO: [Labtools 27-1434] Device xc7s25 (JTAG device index = 0) is programmed with a design that has no supported debug core(s) in it.
close_hw_manager
reset_run synth_1
INFO: [Project 1-1161] Replacing file C:/Users/julia/DHBW/FPGA/Programmentwurf_VGA_exp_1/Programmentwurf_VGA_exp_1.srcs/utils_1/imports/synth_1/VGA_Ansteuerung_CLK.dcp with file C:/Users/julia/DHBW/FPGA/Programmentwurf_VGA_exp_1/Programmentwurf_VGA_exp_1.runs/synth_1/VGA_Ansteuerung_CLK.dcp
launch_runs impl_1 -to_step write_bitstream -jobs 8
[Wed Nov 12 20:06:02 2025] Launched synth_1...
Run output will be captured here: C:/Users/julia/DHBW/FPGA/Programmentwurf_VGA_exp_1/Programmentwurf_VGA_exp_1.runs/synth_1/runme.log
[Wed Nov 12 20:06:02 2025] Launched impl_1...
Run output will be captured here: C:/Users/julia/DHBW/FPGA/Programmentwurf_VGA_exp_1/Programmentwurf_VGA_exp_1.runs/impl_1/runme.log
open_hw_manager
connect_hw_server -allow_non_jtag
INFO: [Labtools 27-2285] Connecting to hw_server url TCP:localhost:3121
INFO: [Labtools 27-2222] Launching hw_server...
INFO: [Labtools 27-2221] Launch Output:

****** Xilinx hw_server v2025.1
  **** Build date : May  6 2025 at 09:15:36
    ** Copyright 1986-2022 Xilinx, Inc. All Rights Reserved.


INFO: [Labtools 27-3415] Connecting to cs_server url TCP:localhost:0
INFO: [Labtools 27-3417] Launching cs_server...
INFO: [Labtools 27-2221] Launch Output:


******** Xilinx cs_server v2025.1.0
  ****** Build date   : May 13 2025-21:15:27
    **** Build number : 2025.1.1747163727
      ** Copyright 2017-2022 Xilinx, Inc. All Rights Reserved.
      ** Copyright 2022-2025 Advanced Micro Devices, Inc. All Rights Reserved.



connect_hw_server: Time (s): cpu = 00:00:00 ; elapsed = 00:00:07 . Memory (MB): peak = 1855.426 ; gain = 0.000
open_hw_target
INFO: [Labtoolstcl 44-466] Opening hw_target localhost:3121/xilinx_tcf/Digilent/210352BE7150A
set_property PROGRAM.FILE {C:/Users/julia/DHBW/FPGA/Programmentwurf_VGA_exp_1/Programmentwurf_VGA_exp_1.runs/impl_1/VGA_Ansteuerung_CLK.bit} [get_hw_devices xc7s25_0]
current_hw_device [get_hw_devices xc7s25_0]
refresh_hw_device -update_hw_probes false [lindex [get_hw_devices xc7s25_0] 0]
INFO: [Labtools 27-1434] Device xc7s25 (JTAG device index = 0) is programmed with a design that has no supported debug core(s) in it.
set_property PROBES.FILE {} [get_hw_devices xc7s25_0]
set_property FULL_PROBES.FILE {} [get_hw_devices xc7s25_0]
set_property PROGRAM.FILE {C:/Users/julia/DHBW/FPGA/Programmentwurf_VGA_exp_1/Programmentwurf_VGA_exp_1.runs/impl_1/VGA_Ansteuerung_CLK.bit} [get_hw_devices xc7s25_0]
program_hw_devices [get_hw_devices xc7s25_0]
INFO: [Labtools 27-3164] End of startup status: HIGH
refresh_hw_device [lindex [get_hw_devices xc7s25_0] 0]
INFO: [Labtools 27-1434] Device xc7s25 (JTAG device index = 0) is programmed with a design that has no supported debug core(s) in it.
set_property PROBES.FILE {} [get_hw_devices xc7s25_0]
set_property FULL_PROBES.FILE {} [get_hw_devices xc7s25_0]
set_property PROGRAM.FILE {C:/Users/julia/DHBW/FPGA/Programmentwurf_VGA_exp_1/Programmentwurf_VGA_exp_1.runs/impl_1/VGA_Ansteuerung_CLK.bit} [get_hw_devices xc7s25_0]
program_hw_devices [get_hw_devices xc7s25_0]
INFO: [Labtools 27-3164] End of startup status: HIGH
refresh_hw_device [lindex [get_hw_devices xc7s25_0] 0]
INFO: [Labtools 27-1434] Device xc7s25 (JTAG device index = 0) is programmed with a design that has no supported debug core(s) in it.
reset_run impl_1 -prev_step 
launch_runs impl_1 -to_step write_bitstream -jobs 8
[Wed Nov 12 20:09:38 2025] Launched impl_1...
Run output will be captured here: C:/Users/julia/DHBW/FPGA/Programmentwurf_VGA_exp_1/Programmentwurf_VGA_exp_1.runs/impl_1/runme.log
set_property PROBES.FILE {} [get_hw_devices xc7s25_0]
set_property FULL_PROBES.FILE {} [get_hw_devices xc7s25_0]
set_property PROGRAM.FILE {C:/Users/julia/DHBW/FPGA/Programmentwurf_VGA_exp_1/Programmentwurf_VGA_exp_1.runs/impl_1/VGA_Ansteuerung_CLK.bit} [get_hw_devices xc7s25_0]
program_hw_devices [get_hw_devices xc7s25_0]
INFO: [Labtools 27-3164] End of startup status: HIGH
refresh_hw_device [lindex [get_hw_devices xc7s25_0] 0]
INFO: [Labtools 27-1434] Device xc7s25 (JTAG device index = 0) is programmed with a design that has no supported debug core(s) in it.
reset_run synth_1
INFO: [Project 1-1161] Replacing file C:/Users/julia/DHBW/FPGA/Programmentwurf_VGA_exp_1/Programmentwurf_VGA_exp_1.srcs/utils_1/imports/synth_1/VGA_Ansteuerung_CLK.dcp with file C:/Users/julia/DHBW/FPGA/Programmentwurf_VGA_exp_1/Programmentwurf_VGA_exp_1.runs/synth_1/VGA_Ansteuerung_CLK.dcp
launch_runs impl_1 -to_step write_bitstream -jobs 8
[Wed Nov 12 20:11:18 2025] Launched synth_1...
Run output will be captured here: C:/Users/julia/DHBW/FPGA/Programmentwurf_VGA_exp_1/Programmentwurf_VGA_exp_1.runs/synth_1/runme.log
[Wed Nov 12 20:11:18 2025] Launched impl_1...
Run output will be captured here: C:/Users/julia/DHBW/FPGA/Programmentwurf_VGA_exp_1/Programmentwurf_VGA_exp_1.runs/impl_1/runme.log
set_property PROBES.FILE {} [get_hw_devices xc7s25_0]
set_property FULL_PROBES.FILE {} [get_hw_devices xc7s25_0]
set_property PROGRAM.FILE {C:/Users/julia/DHBW/FPGA/Programmentwurf_VGA_exp_1/Programmentwurf_VGA_exp_1.runs/impl_1/VGA_Ansteuerung_CLK.bit} [get_hw_devices xc7s25_0]
program_hw_devices [get_hw_devices xc7s25_0]
INFO: [Labtools 27-3164] End of startup status: HIGH
refresh_hw_device [lindex [get_hw_devices xc7s25_0] 0]
INFO: [Labtools 27-1434] Device xc7s25 (JTAG device index = 0) is programmed with a design that has no supported debug core(s) in it.
reset_run impl_1 -prev_step 
launch_runs impl_1 -to_step write_bitstream -jobs 8
[Wed Nov 12 20:14:32 2025] Launched impl_1...
Run output will be captured here: C:/Users/julia/DHBW/FPGA/Programmentwurf_VGA_exp_1/Programmentwurf_VGA_exp_1.runs/impl_1/runme.log
set_property PROBES.FILE {} [get_hw_devices xc7s25_0]
set_property FULL_PROBES.FILE {} [get_hw_devices xc7s25_0]
set_property PROGRAM.FILE {C:/Users/julia/DHBW/FPGA/Programmentwurf_VGA_exp_1/Programmentwurf_VGA_exp_1.runs/impl_1/VGA_Ansteuerung_CLK.bit} [get_hw_devices xc7s25_0]
program_hw_devices [get_hw_devices xc7s25_0]
INFO: [Labtools 27-3164] End of startup status: HIGH
refresh_hw_device [lindex [get_hw_devices xc7s25_0] 0]
INFO: [Labtools 27-1434] Device xc7s25 (JTAG device index = 0) is programmed with a design that has no supported debug core(s) in it.
reset_run synth_1
INFO: [Project 1-1161] Replacing file C:/Users/julia/DHBW/FPGA/Programmentwurf_VGA_exp_1/Programmentwurf_VGA_exp_1.srcs/utils_1/imports/synth_1/VGA_Ansteuerung_CLK.dcp with file C:/Users/julia/DHBW/FPGA/Programmentwurf_VGA_exp_1/Programmentwurf_VGA_exp_1.runs/synth_1/VGA_Ansteuerung_CLK.dcp
launch_runs impl_1 -to_step write_bitstream -jobs 8
[Wed Nov 12 20:15:46 2025] Launched synth_1...
Run output will be captured here: C:/Users/julia/DHBW/FPGA/Programmentwurf_VGA_exp_1/Programmentwurf_VGA_exp_1.runs/synth_1/runme.log
[Wed Nov 12 20:15:46 2025] Launched impl_1...
Run output will be captured here: C:/Users/julia/DHBW/FPGA/Programmentwurf_VGA_exp_1/Programmentwurf_VGA_exp_1.runs/impl_1/runme.log
set_property PROBES.FILE {} [get_hw_devices xc7s25_0]
set_property FULL_PROBES.FILE {} [get_hw_devices xc7s25_0]
set_property PROGRAM.FILE {C:/Users/julia/DHBW/FPGA/Programmentwurf_VGA_exp_1/Programmentwurf_VGA_exp_1.runs/impl_1/VGA_Ansteuerung_CLK.bit} [get_hw_devices xc7s25_0]
program_hw_devices [get_hw_devices xc7s25_0]
INFO: [Labtools 27-3164] End of startup status: HIGH
refresh_hw_device [lindex [get_hw_devices xc7s25_0] 0]
INFO: [Labtools 27-1434] Device xc7s25 (JTAG device index = 0) is programmed with a design that has no supported debug core(s) in it.
reset_run impl_1 -prev_step 
launch_runs impl_1 -to_step write_bitstream -jobs 8
[Wed Nov 12 20:18:36 2025] Launched impl_1...
Run output will be captured here: C:/Users/julia/DHBW/FPGA/Programmentwurf_VGA_exp_1/Programmentwurf_VGA_exp_1.runs/impl_1/runme.log
set_property PROBES.FILE {} [get_hw_devices xc7s25_0]
set_property FULL_PROBES.FILE {} [get_hw_devices xc7s25_0]
set_property PROGRAM.FILE {C:/Users/julia/DHBW/FPGA/Programmentwurf_VGA_exp_1/Programmentwurf_VGA_exp_1.runs/impl_1/VGA_Ansteuerung_CLK.bit} [get_hw_devices xc7s25_0]
program_hw_devices [get_hw_devices xc7s25_0]
INFO: [Labtools 27-3164] End of startup status: HIGH
refresh_hw_device [lindex [get_hw_devices xc7s25_0] 0]
INFO: [Labtools 27-1434] Device xc7s25 (JTAG device index = 0) is programmed with a design that has no supported debug core(s) in it.
reset_run synth_1
INFO: [Project 1-1161] Replacing file C:/Users/julia/DHBW/FPGA/Programmentwurf_VGA_exp_1/Programmentwurf_VGA_exp_1.srcs/utils_1/imports/synth_1/VGA_Ansteuerung_CLK.dcp with file C:/Users/julia/DHBW/FPGA/Programmentwurf_VGA_exp_1/Programmentwurf_VGA_exp_1.runs/synth_1/VGA_Ansteuerung_CLK.dcp
launch_runs impl_1 -to_step write_bitstream -jobs 8
[Wed Nov 12 20:20:41 2025] Launched synth_1...
Run output will be captured here: C:/Users/julia/DHBW/FPGA/Programmentwurf_VGA_exp_1/Programmentwurf_VGA_exp_1.runs/synth_1/runme.log
[Wed Nov 12 20:20:41 2025] Launched impl_1...
Run output will be captured here: C:/Users/julia/DHBW/FPGA/Programmentwurf_VGA_exp_1/Programmentwurf_VGA_exp_1.runs/impl_1/runme.log
set_property PROBES.FILE {} [get_hw_devices xc7s25_0]
set_property FULL_PROBES.FILE {} [get_hw_devices xc7s25_0]
set_property PROGRAM.FILE {C:/Users/julia/DHBW/FPGA/Programmentwurf_VGA_exp_1/Programmentwurf_VGA_exp_1.runs/impl_1/VGA_Ansteuerung_CLK.bit} [get_hw_devices xc7s25_0]
program_hw_devices [get_hw_devices xc7s25_0]
INFO: [Labtools 27-3164] End of startup status: HIGH
refresh_hw_device [lindex [get_hw_devices xc7s25_0] 0]
INFO: [Labtools 27-1434] Device xc7s25 (JTAG device index = 0) is programmed with a design that has no supported debug core(s) in it.
reset_run impl_1 -prev_step 
launch_runs impl_1 -to_step write_bitstream -jobs 8
[Wed Nov 12 20:23:59 2025] Launched impl_1...
Run output will be captured here: C:/Users/julia/DHBW/FPGA/Programmentwurf_VGA_exp_1/Programmentwurf_VGA_exp_1.runs/impl_1/runme.log
set_property PROBES.FILE {} [get_hw_devices xc7s25_0]
set_property FULL_PROBES.FILE {} [get_hw_devices xc7s25_0]
set_property PROGRAM.FILE {C:/Users/julia/DHBW/FPGA/Programmentwurf_VGA_exp_1/Programmentwurf_VGA_exp_1.runs/impl_1/VGA_Ansteuerung_CLK.bit} [get_hw_devices xc7s25_0]
program_hw_devices [get_hw_devices xc7s25_0]
INFO: [Labtools 27-3164] End of startup status: HIGH
refresh_hw_device [lindex [get_hw_devices xc7s25_0] 0]
INFO: [Labtools 27-1434] Device xc7s25 (JTAG device index = 0) is programmed with a design that has no supported debug core(s) in it.
set_property PROBES.FILE {} [get_hw_devices xc7s25_0]
set_property FULL_PROBES.FILE {} [get_hw_devices xc7s25_0]
set_property PROGRAM.FILE {C:/Users/julia/DHBW/FPGA/Programmentwurf_VGA_exp_1/Programmentwurf_VGA_exp_1.runs/impl_1/VGA_Ansteuerung_CLK.bit} [get_hw_devices xc7s25_0]
program_hw_devices [get_hw_devices xc7s25_0]
INFO: [Labtools 27-3164] End of startup status: HIGH
refresh_hw_device [lindex [get_hw_devices xc7s25_0] 0]
INFO: [Labtools 27-1434] Device xc7s25 (JTAG device index = 0) is programmed with a design that has no supported debug core(s) in it.
reset_run synth_1
INFO: [Project 1-1161] Replacing file C:/Users/julia/DHBW/FPGA/Programmentwurf_VGA_exp_1/Programmentwurf_VGA_exp_1.srcs/utils_1/imports/synth_1/VGA_Ansteuerung_CLK.dcp with file C:/Users/julia/DHBW/FPGA/Programmentwurf_VGA_exp_1/Programmentwurf_VGA_exp_1.runs/synth_1/VGA_Ansteuerung_CLK.dcp
launch_runs impl_1 -to_step write_bitstream -jobs 8
[Wed Nov 12 20:29:07 2025] Launched synth_1...
Run output will be captured here: C:/Users/julia/DHBW/FPGA/Programmentwurf_VGA_exp_1/Programmentwurf_VGA_exp_1.runs/synth_1/runme.log
[Wed Nov 12 20:29:07 2025] Launched impl_1...
Run output will be captured here: C:/Users/julia/DHBW/FPGA/Programmentwurf_VGA_exp_1/Programmentwurf_VGA_exp_1.runs/impl_1/runme.log
set_property PROBES.FILE {} [get_hw_devices xc7s25_0]
set_property FULL_PROBES.FILE {} [get_hw_devices xc7s25_0]
set_property PROGRAM.FILE {C:/Users/julia/DHBW/FPGA/Programmentwurf_VGA_exp_1/Programmentwurf_VGA_exp_1.runs/impl_1/VGA_Ansteuerung_CLK.bit} [get_hw_devices xc7s25_0]
program_hw_devices [get_hw_devices xc7s25_0]
INFO: [Labtools 27-3164] End of startup status: HIGH
refresh_hw_device [lindex [get_hw_devices xc7s25_0] 0]
INFO: [Labtools 27-1434] Device xc7s25 (JTAG device index = 0) is programmed with a design that has no supported debug core(s) in it.
reset_run impl_1 -prev_step 
launch_runs impl_1 -to_step write_bitstream -jobs 8
[Wed Nov 12 20:32:03 2025] Launched impl_1...
Run output will be captured here: C:/Users/julia/DHBW/FPGA/Programmentwurf_VGA_exp_1/Programmentwurf_VGA_exp_1.runs/impl_1/runme.log
set_property PROBES.FILE {} [get_hw_devices xc7s25_0]
set_property FULL_PROBES.FILE {} [get_hw_devices xc7s25_0]
set_property PROGRAM.FILE {C:/Users/julia/DHBW/FPGA/Programmentwurf_VGA_exp_1/Programmentwurf_VGA_exp_1.runs/impl_1/VGA_Ansteuerung_CLK.bit} [get_hw_devices xc7s25_0]
program_hw_devices [get_hw_devices xc7s25_0]
INFO: [Labtools 27-3164] End of startup status: HIGH
refresh_hw_device [lindex [get_hw_devices xc7s25_0] 0]
INFO: [Labtools 27-1434] Device xc7s25 (JTAG device index = 0) is programmed with a design that has no supported debug core(s) in it.
reset_run impl_1 -prev_step 
launch_runs impl_1 -to_step write_bitstream -jobs 8
[Wed Nov 12 20:36:11 2025] Launched impl_1...
Run output will be captured here: C:/Users/julia/DHBW/FPGA/Programmentwurf_VGA_exp_1/Programmentwurf_VGA_exp_1.runs/impl_1/runme.log
set_property PROBES.FILE {} [get_hw_devices xc7s25_0]
set_property FULL_PROBES.FILE {} [get_hw_devices xc7s25_0]
set_property PROGRAM.FILE {C:/Users/julia/DHBW/FPGA/Programmentwurf_VGA_exp_1/Programmentwurf_VGA_exp_1.runs/impl_1/VGA_Ansteuerung_CLK.bit} [get_hw_devices xc7s25_0]
program_hw_devices [get_hw_devices xc7s25_0]
INFO: [Labtools 27-3164] End of startup status: HIGH
refresh_hw_device [lindex [get_hw_devices xc7s25_0] 0]
INFO: [Labtools 27-1434] Device xc7s25 (JTAG device index = 0) is programmed with a design that has no supported debug core(s) in it.
reset_run synth_1
INFO: [Project 1-1161] Replacing file C:/Users/julia/DHBW/FPGA/Programmentwurf_VGA_exp_1/Programmentwurf_VGA_exp_1.srcs/utils_1/imports/synth_1/VGA_Ansteuerung_CLK.dcp with file C:/Users/julia/DHBW/FPGA/Programmentwurf_VGA_exp_1/Programmentwurf_VGA_exp_1.runs/synth_1/VGA_Ansteuerung_CLK.dcp
launch_runs impl_1 -to_step write_bitstream -jobs 8
[Wed Nov 12 20:37:23 2025] Launched synth_1...
Run output will be captured here: C:/Users/julia/DHBW/FPGA/Programmentwurf_VGA_exp_1/Programmentwurf_VGA_exp_1.runs/synth_1/runme.log
[Wed Nov 12 20:37:23 2025] Launched impl_1...
Run output will be captured here: C:/Users/julia/DHBW/FPGA/Programmentwurf_VGA_exp_1/Programmentwurf_VGA_exp_1.runs/impl_1/runme.log
set_property PROBES.FILE {} [get_hw_devices xc7s25_0]
set_property FULL_PROBES.FILE {} [get_hw_devices xc7s25_0]
set_property PROGRAM.FILE {C:/Users/julia/DHBW/FPGA/Programmentwurf_VGA_exp_1/Programmentwurf_VGA_exp_1.runs/impl_1/VGA_Ansteuerung_CLK.bit} [get_hw_devices xc7s25_0]
program_hw_devices [get_hw_devices xc7s25_0]
INFO: [Labtools 27-3164] End of startup status: HIGH
refresh_hw_device [lindex [get_hw_devices xc7s25_0] 0]
INFO: [Labtools 27-1434] Device xc7s25 (JTAG device index = 0) is programmed with a design that has no supported debug core(s) in it.
reset_run synth_1
INFO: [Project 1-1161] Replacing file C:/Users/julia/DHBW/FPGA/Programmentwurf_VGA_exp_1/Programmentwurf_VGA_exp_1.srcs/utils_1/imports/synth_1/VGA_Ansteuerung_CLK.dcp with file C:/Users/julia/DHBW/FPGA/Programmentwurf_VGA_exp_1/Programmentwurf_VGA_exp_1.runs/synth_1/VGA_Ansteuerung_CLK.dcp
launch_runs impl_1 -to_step write_bitstream -jobs 8
[Wed Nov 12 20:41:53 2025] Launched synth_1...
Run output will be captured here: C:/Users/julia/DHBW/FPGA/Programmentwurf_VGA_exp_1/Programmentwurf_VGA_exp_1.runs/synth_1/runme.log
[Wed Nov 12 20:41:53 2025] Launched impl_1...
Run output will be captured here: C:/Users/julia/DHBW/FPGA/Programmentwurf_VGA_exp_1/Programmentwurf_VGA_exp_1.runs/impl_1/runme.log
close_hw_manager
reset_run impl_1 -prev_step 
launch_runs impl_1 -to_step write_bitstream -jobs 8
[Wed Nov 12 20:44:34 2025] Launched impl_1...
Run output will be captured here: C:/Users/julia/DHBW/FPGA/Programmentwurf_VGA_exp_1/Programmentwurf_VGA_exp_1.runs/impl_1/runme.log
reset_run synth_1
INFO: [Project 1-1161] Replacing file C:/Users/julia/DHBW/FPGA/Programmentwurf_VGA_exp_1/Programmentwurf_VGA_exp_1.srcs/utils_1/imports/synth_1/VGA_Ansteuerung_CLK.dcp with file C:/Users/julia/DHBW/FPGA/Programmentwurf_VGA_exp_1/Programmentwurf_VGA_exp_1.runs/synth_1/VGA_Ansteuerung_CLK.dcp
launch_runs impl_1 -to_step write_bitstream -jobs 8
[Wed Nov 12 20:46:34 2025] Launched synth_1...
Run output will be captured here: C:/Users/julia/DHBW/FPGA/Programmentwurf_VGA_exp_1/Programmentwurf_VGA_exp_1.runs/synth_1/runme.log
[Wed Nov 12 20:46:34 2025] Launched impl_1...
Run output will be captured here: C:/Users/julia/DHBW/FPGA/Programmentwurf_VGA_exp_1/Programmentwurf_VGA_exp_1.runs/impl_1/runme.log
reset_run synth_1
launch_runs impl_1 -to_step write_bitstream -jobs 8
[Wed Nov 12 20:47:12 2025] Launched synth_1...
Run output will be captured here: C:/Users/julia/DHBW/FPGA/Programmentwurf_VGA_exp_1/Programmentwurf_VGA_exp_1.runs/synth_1/runme.log
[Wed Nov 12 20:47:12 2025] Launched impl_1...
Run output will be captured here: C:/Users/julia/DHBW/FPGA/Programmentwurf_VGA_exp_1/Programmentwurf_VGA_exp_1.runs/impl_1/runme.log
open_hw_manager
connect_hw_server -allow_non_jtag
INFO: [Labtools 27-2285] Connecting to hw_server url TCP:localhost:3121
INFO: [Labtools 27-2222] Launching hw_server...
INFO: [Labtools 27-2221] Launch Output:

****** Xilinx hw_server v2025.1
  **** Build date : May  6 2025 at 09:15:36
    ** Copyright 1986-2022 Xilinx, Inc. All Rights Reserved.


INFO: [Labtools 27-3415] Connecting to cs_server url TCP:localhost:0
INFO: [Labtools 27-3417] Launching cs_server...
INFO: [Labtools 27-2221] Launch Output:


******** Xilinx cs_server v2025.1.0
  ****** Build date   : May 13 2025-21:15:27
    **** Build number : 2025.1.1747163727
      ** Copyright 2017-2022 Xilinx, Inc. All Rights Reserved.
      ** Copyright 2022-2025 Advanced Micro Devices, Inc. All Rights Reserved.



connect_hw_server: Time (s): cpu = 00:00:01 ; elapsed = 00:00:08 . Memory (MB): peak = 1881.355 ; gain = 0.000
open_hw_target
INFO: [Labtoolstcl 44-466] Opening hw_target localhost:3121/xilinx_tcf/Digilent/210352BE7150A
set_property PROGRAM.FILE {C:/Users/julia/DHBW/FPGA/Programmentwurf_VGA_exp_1/Programmentwurf_VGA_exp_1.runs/impl_1/VGA_Ansteuerung_CLK.bit} [get_hw_devices xc7s25_0]
current_hw_device [get_hw_devices xc7s25_0]
refresh_hw_device -update_hw_probes false [lindex [get_hw_devices xc7s25_0] 0]
INFO: [Labtools 27-1434] Device xc7s25 (JTAG device index = 0) is programmed with a design that has no supported debug core(s) in it.
set_property PROBES.FILE {} [get_hw_devices xc7s25_0]
set_property FULL_PROBES.FILE {} [get_hw_devices xc7s25_0]
set_property PROGRAM.FILE {C:/Users/julia/DHBW/FPGA/Programmentwurf_VGA_exp_1/Programmentwurf_VGA_exp_1.runs/impl_1/VGA_Ansteuerung_CLK.bit} [get_hw_devices xc7s25_0]
program_hw_devices [get_hw_devices xc7s25_0]
INFO: [Labtools 27-3164] End of startup status: HIGH
refresh_hw_device [lindex [get_hw_devices xc7s25_0] 0]
INFO: [Labtools 27-1434] Device xc7s25 (JTAG device index = 0) is programmed with a design that has no supported debug core(s) in it.
reset_run impl_1 -prev_step 
launch_runs impl_1 -to_step write_bitstream -jobs 8
[Wed Nov 12 20:51:30 2025] Launched impl_1...
Run output will be captured here: C:/Users/julia/DHBW/FPGA/Programmentwurf_VGA_exp_1/Programmentwurf_VGA_exp_1.runs/impl_1/runme.log
set_property PROBES.FILE {} [get_hw_devices xc7s25_0]
set_property FULL_PROBES.FILE {} [get_hw_devices xc7s25_0]
set_property PROGRAM.FILE {C:/Users/julia/DHBW/FPGA/Programmentwurf_VGA_exp_1/Programmentwurf_VGA_exp_1.runs/impl_1/VGA_Ansteuerung_CLK.bit} [get_hw_devices xc7s25_0]
program_hw_devices [get_hw_devices xc7s25_0]
INFO: [Labtools 27-3164] End of startup status: HIGH
refresh_hw_device [lindex [get_hw_devices xc7s25_0] 0]
INFO: [Labtools 27-1434] Device xc7s25 (JTAG device index = 0) is programmed with a design that has no supported debug core(s) in it.
reset_run synth_1
INFO: [Project 1-1161] Replacing file C:/Users/julia/DHBW/FPGA/Programmentwurf_VGA_exp_1/Programmentwurf_VGA_exp_1.srcs/utils_1/imports/synth_1/VGA_Ansteuerung_CLK.dcp with file C:/Users/julia/DHBW/FPGA/Programmentwurf_VGA_exp_1/Programmentwurf_VGA_exp_1.runs/synth_1/VGA_Ansteuerung_CLK.dcp
launch_runs impl_1 -to_step write_bitstream -jobs 8
[Wed Nov 12 20:52:54 2025] Launched synth_1...
Run output will be captured here: C:/Users/julia/DHBW/FPGA/Programmentwurf_VGA_exp_1/Programmentwurf_VGA_exp_1.runs/synth_1/runme.log
[Wed Nov 12 20:52:54 2025] Launched impl_1...
Run output will be captured here: C:/Users/julia/DHBW/FPGA/Programmentwurf_VGA_exp_1/Programmentwurf_VGA_exp_1.runs/impl_1/runme.log
set_property PROBES.FILE {} [get_hw_devices xc7s25_0]
set_property FULL_PROBES.FILE {} [get_hw_devices xc7s25_0]
set_property PROGRAM.FILE {C:/Users/julia/DHBW/FPGA/Programmentwurf_VGA_exp_1/Programmentwurf_VGA_exp_1.runs/impl_1/VGA_Ansteuerung_CLK.bit} [get_hw_devices xc7s25_0]
program_hw_devices [get_hw_devices xc7s25_0]
INFO: [Labtools 27-3164] End of startup status: HIGH
refresh_hw_device [lindex [get_hw_devices xc7s25_0] 0]
INFO: [Labtools 27-1434] Device xc7s25 (JTAG device index = 0) is programmed with a design that has no supported debug core(s) in it.
reset_run synth_1
INFO: [Project 1-1161] Replacing file C:/Users/julia/DHBW/FPGA/Programmentwurf_VGA_exp_1/Programmentwurf_VGA_exp_1.srcs/utils_1/imports/synth_1/VGA_Ansteuerung_CLK.dcp with file C:/Users/julia/DHBW/FPGA/Programmentwurf_VGA_exp_1/Programmentwurf_VGA_exp_1.runs/synth_1/VGA_Ansteuerung_CLK.dcp
launch_runs impl_1 -to_step write_bitstream -jobs 8
[Wed Nov 12 21:00:06 2025] Launched synth_1...
Run output will be captured here: C:/Users/julia/DHBW/FPGA/Programmentwurf_VGA_exp_1/Programmentwurf_VGA_exp_1.runs/synth_1/runme.log
[Wed Nov 12 21:00:06 2025] Launched impl_1...
Run output will be captured here: C:/Users/julia/DHBW/FPGA/Programmentwurf_VGA_exp_1/Programmentwurf_VGA_exp_1.runs/impl_1/runme.log
set_property PROBES.FILE {} [get_hw_devices xc7s25_0]
set_property FULL_PROBES.FILE {} [get_hw_devices xc7s25_0]
set_property PROGRAM.FILE {C:/Users/julia/DHBW/FPGA/Programmentwurf_VGA_exp_1/Programmentwurf_VGA_exp_1.runs/impl_1/VGA_Ansteuerung_CLK.bit} [get_hw_devices xc7s25_0]
program_hw_devices [get_hw_devices xc7s25_0]
INFO: [Labtools 27-3164] End of startup status: HIGH
refresh_hw_device [lindex [get_hw_devices xc7s25_0] 0]
INFO: [Labtools 27-1434] Device xc7s25 (JTAG device index = 0) is programmed with a design that has no supported debug core(s) in it.
undo
INFO: [Common 17-17] undo 'set_property PROGRAM.FILE {C:/Users/julia/DHBW/FPGA/Programmentwurf_VGA_exp_1/Programmentwurf_VGA_exp_1.runs/impl_1/VGA_Ansteuerung_CLK.bit} [get_hw_devices xc7s25_0]'
undo
INFO: [Common 17-17] undo 'set_property FULL_PROBES.FILE {} [get_hw_devices xc7s25_0]'
undo
INFO: [Common 17-17] undo 'set_property PROBES.FILE {} [get_hw_devices xc7s25_0]'
reset_run impl_1 -prev_step 
launch_runs impl_1 -to_step write_bitstream -jobs 8
[Wed Nov 12 21:03:39 2025] Launched impl_1...
Run output will be captured here: C:/Users/julia/DHBW/FPGA/Programmentwurf_VGA_exp_1/Programmentwurf_VGA_exp_1.runs/impl_1/runme.log
reset_run synth_1
INFO: [Project 1-1161] Replacing file C:/Users/julia/DHBW/FPGA/Programmentwurf_VGA_exp_1/Programmentwurf_VGA_exp_1.srcs/utils_1/imports/synth_1/VGA_Ansteuerung_CLK.dcp with file C:/Users/julia/DHBW/FPGA/Programmentwurf_VGA_exp_1/Programmentwurf_VGA_exp_1.runs/synth_1/VGA_Ansteuerung_CLK.dcp
launch_runs impl_1 -to_step write_bitstream -jobs 8
[Wed Nov 12 21:04:50 2025] Launched synth_1...
Run output will be captured here: C:/Users/julia/DHBW/FPGA/Programmentwurf_VGA_exp_1/Programmentwurf_VGA_exp_1.runs/synth_1/runme.log
[Wed Nov 12 21:04:50 2025] Launched impl_1...
Run output will be captured here: C:/Users/julia/DHBW/FPGA/Programmentwurf_VGA_exp_1/Programmentwurf_VGA_exp_1.runs/impl_1/runme.log
set_property PROBES.FILE {} [get_hw_devices xc7s25_0]
set_property FULL_PROBES.FILE {} [get_hw_devices xc7s25_0]
set_property PROGRAM.FILE {C:/Users/julia/DHBW/FPGA/Programmentwurf_VGA_exp_1/Programmentwurf_VGA_exp_1.runs/impl_1/VGA_Ansteuerung_CLK.bit} [get_hw_devices xc7s25_0]
program_hw_devices [get_hw_devices xc7s25_0]
INFO: [Labtools 27-3164] End of startup status: HIGH
refresh_hw_device [lindex [get_hw_devices xc7s25_0] 0]
INFO: [Labtools 27-1434] Device xc7s25 (JTAG device index = 0) is programmed with a design that has no supported debug core(s) in it.
close_hw_manager
exit
INFO: [Common 17-206] Exiting Vivado at Wed Nov 12 21:08:09 2025...
